Archive member included to satisfy reference by file (symbol)

D:/ITI_ES/Programs/msys64/mingw64/bin/../lib/gcc/x86_64-w64-mingw32/11.2.0/libstdc++.dll.a(d006693.o)
                              C:\Users\mostafa\AppData\Local\Temp\cc0hx89f.o (__gxx_personality_seh0)
D:/ITI_ES/Programs/msys64/mingw64/bin/../lib/gcc/x86_64-w64-mingw32/11.2.0/libstdc++.dll.a(d005586.o)
                              C:\Users\mostafa\AppData\Local\Temp\cc0hx89f.o (std::basic_ostream<char, std::char_traits<char> >& std::operator<< <std::char_traits<char> >(std::basic_ostream<char, std::char_traits<char> >&, unsigned char))
D:/ITI_ES/Programs/msys64/mingw64/bin/../lib/gcc/x86_64-w64-mingw32/11.2.0/libstdc++.dll.a(d005463.o)
                              C:\Users\mostafa\AppData\Local\Temp\cc0hx89f.o (std::basic_ostream<char, std::char_traits<char> >& std::endl<char, std::char_traits<char> >(std::basic_ostream<char, std::char_traits<char> >&))
D:/ITI_ES/Programs/msys64/mingw64/bin/../lib/gcc/x86_64-w64-mingw32/11.2.0/libstdc++.dll.a(d005462.o)
                              C:\Users\mostafa\AppData\Local\Temp\cc0hx89f.o (std::cout)
D:/ITI_ES/Programs/msys64/mingw64/bin/../lib/gcc/x86_64-w64-mingw32/11.2.0/libstdc++.dll.a(d005165.o)
                              C:\Users\mostafa\AppData\Local\Temp\cc0hx89f.o (std::ios_base::Init::~Init())
D:/ITI_ES/Programs/msys64/mingw64/bin/../lib/gcc/x86_64-w64-mingw32/11.2.0/libstdc++.dll.a(d005163.o)
                              C:\Users\mostafa\AppData\Local\Temp\cc0hx89f.o (std::ios_base::Init::Init())
D:/ITI_ES/Programs/msys64/mingw64/bin/../lib/gcc/x86_64-w64-mingw32/11.2.0/libstdc++.dll.a(d001896.o)
                              C:\Users\mostafa\AppData\Local\Temp\cc0hx89f.o (std::ostream::operator<<(std::ostream& (*)(std::ostream&)))
D:/ITI_ES/Programs/msys64/mingw64/bin/../lib/gcc/x86_64-w64-mingw32/11.2.0/libstdc++.dll.a(d000000.o)
                              D:/ITI_ES/Programs/msys64/mingw64/bin/../lib/gcc/x86_64-w64-mingw32/11.2.0/libstdc++.dll.a(d006693.o) (_head_libstdc___6_dll)
D:/ITI_ES/Programs/msys64/mingw64/bin/../lib/gcc/x86_64-w64-mingw32/11.2.0/libstdc++.dll.a(d006697.o)
                              D:/ITI_ES/Programs/msys64/mingw64/bin/../lib/gcc/x86_64-w64-mingw32/11.2.0/libstdc++.dll.a(d000000.o) (libstdc___6_dll_iname)
D:/ITI_ES/Programs/msys64/mingw64/bin/../lib/gcc/x86_64-w64-mingw32/11.2.0/../../../../x86_64-w64-mingw32/lib/../lib/libmingw32.a(lib64_libmingw32_a-gccmain.o)
                              D:/ITI_ES/Programs/msys64/mingw64/bin/../lib/gcc/x86_64-w64-mingw32/11.2.0/../../../../x86_64-w64-mingw32/lib/../lib/crt2.o (__main)
D:/ITI_ES/Programs/msys64/mingw64/bin/../lib/gcc/x86_64-w64-mingw32/11.2.0/../../../../x86_64-w64-mingw32/lib/../lib/libmingw32.a(lib64_libmingw32_a-natstart.o)
                              D:/ITI_ES/Programs/msys64/mingw64/bin/../lib/gcc/x86_64-w64-mingw32/11.2.0/../../../../x86_64-w64-mingw32/lib/../lib/crt2.o (__native_startup_lock)
D:/ITI_ES/Programs/msys64/mingw64/bin/../lib/gcc/x86_64-w64-mingw32/11.2.0/../../../../x86_64-w64-mingw32/lib/../lib/libmingw32.a(lib64_libmingw32_a-wildcard.o)
                              D:/ITI_ES/Programs/msys64/mingw64/bin/../lib/gcc/x86_64-w64-mingw32/11.2.0/../../../../x86_64-w64-mingw32/lib/../lib/crt2.o (_dowildcard)
D:/ITI_ES/Programs/msys64/mingw64/bin/../lib/gcc/x86_64-w64-mingw32/11.2.0/../../../../x86_64-w64-mingw32/lib/../lib/libmingw32.a(lib64_libmingw32_a-dllargv.o)
                              D:/ITI_ES/Programs/msys64/mingw64/bin/../lib/gcc/x86_64-w64-mingw32/11.2.0/../../../../x86_64-w64-mingw32/lib/../lib/crt2.o (_setargv)
D:/ITI_ES/Programs/msys64/mingw64/bin/../lib/gcc/x86_64-w64-mingw32/11.2.0/../../../../x86_64-w64-mingw32/lib/../lib/libmingw32.a(lib64_libmingw32_a-_newmode.o)
                              D:/ITI_ES/Programs/msys64/mingw64/bin/../lib/gcc/x86_64-w64-mingw32/11.2.0/../../../../x86_64-w64-mingw32/lib/../lib/crt2.o (_newmode)
D:/ITI_ES/Programs/msys64/mingw64/bin/../lib/gcc/x86_64-w64-mingw32/11.2.0/../../../../x86_64-w64-mingw32/lib/../lib/libmingw32.a(lib64_libmingw32_a-tlssup.o)
                              D:/ITI_ES/Programs/msys64/mingw64/bin/../lib/gcc/x86_64-w64-mingw32/11.2.0/../../../../x86_64-w64-mingw32/lib/../lib/crt2.o (__mingw_initltssuo_force)
D:/ITI_ES/Programs/msys64/mingw64/bin/../lib/gcc/x86_64-w64-mingw32/11.2.0/../../../../x86_64-w64-mingw32/lib/../lib/libmingw32.a(lib64_libmingw32_a-xncommod.o)
                              D:/ITI_ES/Programs/msys64/mingw64/bin/../lib/gcc/x86_64-w64-mingw32/11.2.0/../../../../x86_64-w64-mingw32/lib/../lib/crt2.o (_commode)
D:/ITI_ES/Programs/msys64/mingw64/bin/../lib/gcc/x86_64-w64-mingw32/11.2.0/../../../../x86_64-w64-mingw32/lib/../lib/libmingw32.a(lib64_libmingw32_a-cinitexe.o)
                              D:/ITI_ES/Programs/msys64/mingw64/bin/../lib/gcc/x86_64-w64-mingw32/11.2.0/../../../../x86_64-w64-mingw32/lib/../lib/crt2.o (__xc_z)
[...]
Memory Configuration

Name             Origin             Length             Attributes
*default*        0x0000000000000000 0xffffffffffffffff

Linker script and memory map

                0x0000000140000000                __image_base__ = 0x140000000
                0x0000000000000000                __dll__ = 0x0
                0x0000000140000000                __ImageBase = 0x140000000
                0x0000000000001000                __section_alignment__ = 0x1000
                0x0000000000000200                __file_alignment__ = 0x200
                0x0000000000000004                __major_os_version__ = 0x4
                0x0000000000000000                __minor_os_version__ = 0x0
                0x0000000000000000                __major_image_version__ = 0x0
                0x0000000000000000                __minor_image_version__ = 0x0
                0x0000000000000005                __major_subsystem_version__ = 0x5
                0x0000000000000002                __minor_subsystem_version__ = 0x2
                0x0000000000000003                __subsystem__ = 0x3
                0x0000000000200000                __size_of_stack_reserve__ = 0x200000
                0x0000000000001000                __size_of_stack_commit__ = 0x1000
                0x0000000000100000                __size_of_heap_reserve__ = 0x100000
                0x0000000000001000                __size_of_heap_commit__ = 0x1000
                0x0000000000000000                __loader_flags__ = 0x0
                0x0000000000000160                __dll_characteristics__ = 0x160
LOAD D:/ITI_ES/Programs/msys64/mingw64/bin/../lib/gcc/x86_64-w64-mingw32/11.2.0/../../../../x86_64-w64-mingw32/lib/../lib/crt2.o
LOAD D:/ITI_ES/Programs/msys64/mingw64/bin/../lib/gcc/x86_64-w64-mingw32/11.2.0/crtbegin.o
LOAD C:\Users\mostafa\AppData\Local\Temp\ccgSqLHZ.o
LOAD C:\Users\mostafa\AppData\Local\Temp\cc0hx89f.o
LOAD D:/ITI_ES/Programs/msys64/mingw64/bin/../lib/gcc/x86_64-w64-mingw32/11.2.0/libstdc++.dll.a
LOAD D:/ITI_ES/Programs/msys64/mingw64/bin/../lib/gcc/x86_64-w64-mingw32/11.2.0/../../../../x86_64-w64-mingw32/lib/../lib/libmingw32.a
LOAD D:/ITI_ES/Programs/msys64/mingw64/bin/../lib/gcc/x86_64-w64-mingw32/11.2.0/libgcc_s.a
LOAD D:/ITI_ES/Programs/msys64/mingw64/bin/../lib/gcc/x86_64-w64-mingw32/11.2.0/libgcc.a
LOAD D:/ITI_ES/Programs/msys64/mingw64/bin/../lib/gcc/x86_64-w64-mingw32/11.2.0/../../../../x86_64-w64-mingw32/lib/../lib/libmoldname.a
LOAD D:/ITI_ES/Programs/msys64/mingw64/bin/../lib/gcc/x86_64-w64-mingw32/11.2.0/../../../../x86_64-w64-mingw32/lib/../lib/libmingwex.a
LOAD D:/ITI_ES/Programs/msys64/mingw64/bin/../lib/gcc/x86_64-w64-mingw32/11.2.0/../../../../x86_64-w64-mingw32/lib/../lib/libmsvcrt.a
LOAD D:/ITI_ES/Programs/msys64/mingw64/bin/../lib/gcc/x86_64-w64-mingw32/11.2.0/../../../../x86_64-w64-mingw32/lib/../lib/libkernel32.a
LOAD D:/ITI_ES/Programs/msys64/mingw64/bin/../lib/gcc/x86_64-w64-mingw32/11.2.0/../../../../x86_64-w64-mingw32/lib/../lib/libpthread.dll.a
LOAD D:/ITI_ES/Programs/msys64/mingw64/bin/../lib/gcc/x86_64-w64-mingw32/11.2.0/../../../../x86_64-w64-mingw32/lib/../lib/libadvapi32.a
LOAD D:/ITI_ES/Programs/msys64/mingw64/bin/../lib/gcc/x86_64-w64-mingw32/11.2.0/../../../../x86_64-w64-mingw32/lib/../lib/libshell32.a
LOAD D:/ITI_ES/Programs/msys64/mingw64/bin/../lib/gcc/x86_64-w64-mingw32/11.2.0/../../../../x86_64-w64-mingw32/lib/../lib/libuser32.a
LOAD D:/ITI_ES/Programs/msys64/mingw64/bin/../lib/gcc/x86_64-w64-mingw32/11.2.0/../../../../x86_64-w64-mingw32/lib/../lib/libkernel32.a
LOAD D:/ITI_ES/Programs/msys64/mingw64/bin/../lib/gcc/x86_64-w64-mingw32/11.2.0/../../../../x86_64-w64-mingw32/lib/../lib/libmingw32.a
LOAD D:/ITI_ES/Programs/msys64/mingw64/bin/../lib/gcc/x86_64-w64-mingw32/11.2.0/libgcc_s.a
LOAD D:/ITI_ES/Programs/msys64/mingw64/bin/../lib/gcc/x86_64-w64-mingw32/11.2.0/libgcc.a
LOAD D:/ITI_ES/Programs/msys64/mingw64/bin/../lib/gcc/x86_64-w64-mingw32/11.2.0/../../../../x86_64-w64-mingw32/lib/../lib/libmoldname.a
LOAD D:/ITI_ES/Programs/msys64/mingw64/bin/../lib/gcc/x86_64-w64-mingw32/11.2.0/../../../../x86_64-w64-mingw32/lib/../lib/libmingwex.a
LOAD D:/ITI_ES/Programs/msys64/mingw64/bin/../lib/gcc/x86_64-w64-mingw32/11.2.0/../../../../x86_64-w64-mingw32/lib/../lib/libmsvcrt.a
LOAD D:/ITI_ES/Programs/msys64/mingw64/bin/../lib/gcc/x86_64-w64-mingw32/11.2.0/../../../../x86_64-w64-mingw32/lib/../lib/libkernel32.a
LOAD D:/ITI_ES/Programs/msys64/mingw64/bin/../lib/gcc/x86_64-w64-mingw32/11.2.0/../../../../x86_64-w64-mingw32/lib/../lib/default-manifest.o
LOAD D:/ITI_ES/Programs/msys64/mingw64/bin/../lib/gcc/x86_64-w64-mingw32/11.2.0/crtend.o
                0x00000000000004a8                . = SIZEOF_HEADERS
                0x0000000000001000                . = ALIGN (__section_alignment__)

.text           0x0000000140001000     0x1a00
 *(SORT_NONE(.init))
 *(.text)
 .text          0x0000000140001000      0x510 D:/ITI_ES/Programs/msys64/mingw64/bin/../lib/gcc/x86_64-w64-mingw32/11.2.0/../../../../x86_64-w64-mingw32/lib/../lib/crt2.o
                0x00000001400014b0                WinMainCRTStartup
                0x00000001400014d0                mainCRTStartup
                0x00000001400014f0                atexit
 .text          0x0000000140001510       0x20 D:/ITI_ES/Programs/msys64/mingw64/bin/../lib/gcc/x86_64-w64-mingw32/11.2.0/crtbegin.o
                0x0000000140001510                __gcc_register_frame
                0x0000000140001520                __gcc_deregister_frame
 .text          0x0000000140001530        0x0 C:\Users\mostafa\AppData\Local\Temp\ccgSqLHZ.o
 .text          0x0000000140001530      0x130 C:\Users\mostafa\AppData\Local\Temp\cc0hx89f.o
                0x0000000140001530                main
 .text          0x0000000140001660        0x8 D:/ITI_ES/Programs/msys64/mingw64/bin/../lib/gcc/x86_64-w64-mingw32/11.2.0/libstdc++.dll.a(d006693.o)
                0x0000000140001660                __gxx_personality_seh0
 .text          0x0000000140001668        0x8 D:/ITI_ES/Programs/msys64/mingw64/bin/../lib/gcc/x86_64-w64-mingw32/11.2.0/libstdc++.dll.a(d005586.o)
                0x0000000140001668                std::basic_ostream<char, std::char_traits<char> >& std::operator<< <std::char_traits<char> >(std::basic_ostream<char, std::char_traits<char> >&, unsigned char)
 .text          0x0000000140001670        0x8 D:/ITI_ES/Programs/msys64/mingw64/bin/../lib/gcc/x86_64-w64-mingw32/11.2.0/libstdc++.dll.a(d005463.o)
                0x0000000140001670                std::basic_ostream<char, std::char_traits<char> >& std::endl<char, std::char_traits<char> >(std::basic_ostream<char, std::char_traits<char> >&)
 .text          0x0000000140001678        0x0 D:/ITI_ES/Programs/msys64/mingw64/bin/../lib/gcc/x86_64-w64-mingw32/11.2.0/libstdc++.dll.a(d005462.o)
 .text          0x0000000140001678        0x8 D:/ITI_ES/Programs/msys64/mingw64/bin/../lib/gcc/x86_64-w64-mingw32/11.2.0/libstdc++.dll.a(d005165.o)
                0x0000000140001678                std::ios_base::Init::~Init()
 .text          0x0000000140001680        0x8 D:/ITI_ES/Programs/msys64/mingw64/bin/../lib/gcc/x86_64-w64-mingw32/11.2.0/libstdc++.dll.a(d005163.o)
                0x0000000140001680                std::ios_base::Init::Init()
 .text          0x0000000140001688        0x8 D:/ITI_ES/Programs/msys64/mingw64/bin/../lib/gcc/x86_64-w64-mingw32/11.2.0/libstdc++.dll.a(d001896.o)
                0x0000000140001688                std::ostream::operator<<(std::ostream& (*)(std::ostream&))
 .text          0x0000000140001690       0xd0 D:/ITI_ES/Programs/msys64/mingw64/bin/../lib/gcc/x86_64-w64-mingw32/11.2.0/../../../../x86_64-w64-mingw32/lib/../lib/libmingw32.a(lib64_libmingw32_a-gccmain.o)
                0x0000000140001690                __do_global_dtors
                0x00000001400016d0                __do_global_ctors
                0x0000000140001740                __main
 .text          0x0000000140001760        0x0 D:/ITI_ES/Programs/msys64/mingw64/bin/../lib/gcc/x86_64-w64-mingw32/11.2.0/../../../../x86_64-w64-mingw32/lib/../lib/libmingw32.a(lib64_libmingw32_a-natstart.o)
 .text          0x0000000140001760        0x0 D:/ITI_ES/Programs/msys64/mingw64/bin/../lib/gcc/x86_64-w64-mingw32/11.2.0/../../../../x86_64-w64-mingw32/lib/../lib/libmingw32.a(lib64_libmingw32_a-wildcard.o)
 .text          0x0000000140001760       0x10 D:/ITI_ES/Programs/msys64/mingw64/bin/../lib/gcc/x86_64-w64-mingw32/11.2.0/../../../../x86_64-w64-mingw32/lib/../lib/libmingw32.a(lib64_libmingw32_a-dllargv.o)
                0x0000000140001760                _setargv
 .text          0x0000000140001770        0x0 D:/ITI_ES/Programs/msys64/mingw64/bin/../lib/gcc/x86_64-w64-mingw32/11.2.0/../../../../x86_64-w64-mingw32/lib/../lib/libmingw32.a(lib64_libmingw32_a-_newmode.o)
 .text          0x0000000140001770       0xd0 D:/ITI_ES/Programs/msys64/mingw64/bin/../lib/gcc/x86_64-w64-mingw32/11.2.0/../../../../x86_64-w64-mingw32/lib/../lib/libmingw32.a(lib64_libmingw32_a-tlssup.o)
                0x00000001400017a0                __dyn_tls_init
                0x0000000140001830                __tlregdtor
 .text          0x0000000140001840        0x0 D:/ITI_ES/Programs/msys64/mingw64/bin/../lib/gcc/x86_64-w64-mingw32/11.2.0/../../../../x86_64-w64-mingw32/lib/../lib/libmingw32.a(lib64_libmingw32_a-xncommod.o)
 .text          0x0000000140001840        0x0 D:/ITI_ES/Programs/msys64/mingw64/bin/../lib/gcc/x86_64-w64-mingw32/11.2.0/../../../../x86_64-w64-mingw32/lib/../lib/libmingw32.a(lib64_libmingw32_a-cinitexe.o)
 .text          0x0000000140001840      0x100 D:/ITI_ES/Programs/msys64/mingw64/bin/../lib/gcc/x86_64-w64-mingw32/11.2.0/../../../../x86_64-w64-mingw32/lib/../lib/libmingw32.a(lib64_libmingw32_a-merr.o)
                0x0000000140001840                _matherr
 .text          0x0000000140001940       0x10 D:/ITI_ES/Programs/msys64/mingw64/bin/../lib/gcc/x86_64-w64-mingw32/11.2.0/../../../../x86_64-w64-mingw32/lib/../lib/libmingw32.a(lib64_libmingw32_a-CRT_fp10.o)
                0x0000000140001940                fpreset
                0x0000000140001940                _fpreset
 .text          0x0000000140001950        0x0 D:/ITI_ES/Programs/msys64/mingw64/bin/../lib/gcc/x86_64-w64-mingw32/11.2.0/../../../../x86_64-w64-mingw32/lib/../lib/libmingw32.a(lib64_libmingw32_a-mingw_helpers.o)
 .text          0x0000000140001950      0x520 D:/ITI_ES/Programs/msys64/mingw64/bin/../lib/gcc/x86_64-w64-mingw32/11.2.0/../../../../x86_64-w64-mingw32/lib/../lib/libmingw32.a(lib64_libmingw32_a-pseudo-reloc.o)
                0x0000000140001b30                _pei386_runtime_relocator
 .text          0x0000000140001e70       0x60 D:/ITI_ES/Programs/msys64/mingw64/bin/../lib/gcc/x86_64-w64-mingw32/11.2.0/../../../../x86_64-w64-mingw32/lib/../lib/libmingw32.a(lib64_libmingw32_a-usermatherr.o)
                0x0000000140001e70                __mingw_raise_matherr
                0x0000000140001ec0                __mingw_setusermatherr
 .text          0x0000000140001ed0        0x0 D:/ITI_ES/Programs/msys64/mingw64/bin/../lib/gcc/x86_64-w64-mingw32/11.2.0/../../../../x86_64-w64-mingw32/lib/../lib/libmingw32.a(lib64_libmingw32_a-xtxtmode.o)
 .text          0x0000000140001ed0      0x1c0 D:/ITI_ES/Programs/msys64/mingw64/bin/../lib/gcc/x86_64-w64-mingw32/11.2.0/../../../../x86_64-w64-mingw32/lib/../lib/libmingw32.a(lib64_libmingw32_a-crt_handler.o)
                0x0000000140001ed0                _gnu_exception_handler
 .text          0x0000000140002090      0x290 D:/ITI_ES/Programs/msys64/mingw64/bin/../lib/gcc/x86_64-w64-mingw32/11.2.0/../../../../x86_64-w64-mingw32/lib/../lib/libmingw32.a(lib64_libmingw32_a-tlsthrd.o)
                0x0000000140002110                ___w64_mingwthr_add_key_dtor
                0x00000001400021a0                ___w64_mingwthr_remove_key_dtor
                0x0000000140002230                __mingw_TLScallback
 .text          0x0000000140002320        0x0 D:/ITI_ES/Programs/msys64/mingw64/bin/../lib/gcc/x86_64-w64-mingw32/11.2.0/../../../../x86_64-w64-mingw32/lib/../lib/libmingw32.a(lib64_libmingw32_a-tlsmcrt.o)
 .text          0x0000000140002320        0x0 D:/ITI_ES/Programs/msys64/mingw64/bin/../lib/gcc/x86_64-w64-mingw32/11.2.0/../../../../x86_64-w64-mingw32/lib/../lib/libmingw32.a(lib64_libmingw32_a-pseudo-reloc-list.o)
 .text          0x0000000140002320      0x3e0 D:/ITI_ES/Programs/msys64/mingw64/bin/../lib/gcc/x86_64-w64-mingw32/11.2.0/../../../../x86_64-w64-mingw32/lib/../lib/libmingw32.a(lib64_libmingw32_a-pesect.o)
                0x0000000140002320                _ValidateImageBase
                0x0000000140002350                _FindPESection
                0x00000001400023a0                _FindPESectionByName
                0x0000000140002440                __mingw_GetSectionForAddress
                0x00000001400024c0                __mingw_GetSectionCount
                0x0000000140002500                _FindPESectionExec
                0x0000000140002570                _GetPEImageBase
                0x00000001400025b0                _IsNonwritableInCurrentImage
                0x0000000140002640                __mingw_enum_import_library_names
 .text          0x0000000140002700        0x8 D:/ITI_ES/Programs/msys64/mingw64/bin/../lib/gcc/x86_64-w64-mingw32/11.2.0/libgcc_s.a(d000015.o)
                0x0000000140002700                _Unwind_Resume
 *fill*         0x0000000140002708        0x8 
 .text          0x0000000140002710       0x40 D:/ITI_ES/Programs/msys64/mingw64/bin/../lib/gcc/x86_64-w64-mingw32/11.2.0/libgcc.a(_chkstk_ms.o)
                0x0000000140002710                ___chkstk_ms
 .text          0x0000000140002750        0x0 D:/ITI_ES/Programs/msys64/mingw64/bin/../lib/gcc/x86_64-w64-mingw32/11.2.0/libgcc.a(_ctors.o)
 .text          0x0000000140002750        0x0 D:/ITI_ES/Programs/msys64/mingw64/bin/../lib/gcc/x86_64-w64-mingw32/11.2.0/../../../../x86_64-w64-mingw32/lib/../lib/libmingwex.a(lib64_libmingwex_a-mingw_matherr.o)
 .text          0x0000000140002750       0x10 D:/ITI_ES/Programs/msys64/mingw64/bin/../lib/gcc/x86_64-w64-mingw32/11.2.0/../../../../x86_64-w64-mingw32/lib/../lib/libmsvcrt.a(lib64_libmsvcrt_extra_a-__p__fmode.o)
                0x0000000140002750                __p__fmode
 .text          0x0000000140002760       0x10 D:/ITI_ES/Programs/msys64/mingw64/bin/../lib/gcc/x86_64-w64-mingw32/11.2.0/../../../../x86_64-w64-mingw32/lib/../lib/libmsvcrt.a(lib64_libmsvcrt_extra_a-__p__commode.o)
                0x0000000140002760                __p__commode
 .text          0x0000000140002770       0x10 D:/ITI_ES/Programs/msys64/mingw64/bin/../lib/gcc/x86_64-w64-mingw32/11.2.0/../../../../x86_64-w64-mingw32/lib/../lib/libmsvcrt.a(lib64_libmsvcrt_extra_a-__p__acmdln.o)
                0x0000000140002770                __p__acmdln
 .text          0x0000000140002780       0x20 D:/ITI_ES/Programs/msys64/mingw64/bin/../lib/gcc/x86_64-w64-mingw32/11.2.0/../../../../x86_64-w64-mingw32/lib/../lib/libmsvcrt.a(lib64_libmsvcrt_extra_a-invalid_parameter_handler.o)
                0x0000000140002780                _get_invalid_parameter_handler
                0x0000000140002790                _set_invalid_parameter_handler
 .text          0x00000001400027a0       0x20 D:/ITI_ES/Programs/msys64/mingw64/bin/../lib/gcc/x86_64-w64-mingw32/11.2.0/../../../../x86_64-w64-mingw32/lib/../lib/libmsvcrt.a(lib64_libmsvcrt_common_a-acrt_iob_func.o)
                0x00000001400027a0                __acrt_iob_func
 .text          0x00000001400027c0        0x8 D:/ITI_ES/Programs/msys64/mingw64/bin/../lib/gcc/x86_64-w64-mingw32/11.2.0/../../../../x86_64-w64-mingw32/lib/../lib/libmsvcrt.a(libmsvcrt_defs00055.o)
                0x00000001400027c0                __C_specific_handler
 .text          0x00000001400027c8        0x8 D:/ITI_ES/Programs/msys64/mingw64/bin/../lib/gcc/x86_64-w64-mingw32/11.2.0/../../../../x86_64-w64-mingw32/lib/../lib/libmsvcrt.a(libmsvcrt_defs00081.o)
                0x00000001400027c8                __getmainargs
 .text          0x00000001400027d0        0x0 D:/ITI_ES/Programs/msys64/mingw64/bin/../lib/gcc/x86_64-w64-mingw32/11.2.0/../../../../x86_64-w64-mingw32/lib/../lib/libmsvcrt.a(libmsvcrt_defs00082.o)
 .text          0x00000001400027d0        0x8 D:/ITI_ES/Programs/msys64/mingw64/bin/../lib/gcc/x86_64-w64-mingw32/11.2.0/../../../../x86_64-w64-mingw32/lib/../lib/libmsvcrt.a(libmsvcrt_defs00083.o)
                0x00000001400027d0                __iob_func
 .text          0x00000001400027d8        0x8 D:/ITI_ES/Programs/msys64/mingw64/bin/../lib/gcc/x86_64-w64-mingw32/11.2.0/../../../../x86_64-w64-mingw32/lib/../lib/libmsvcrt.a(libmsvcrt_defs00097.o)
                0x00000001400027d8                __set_app_type
 .text          0x00000001400027e0        0x8 D:/ITI_ES/Programs/msys64/mingw64/bin/../lib/gcc/x86_64-w64-mingw32/11.2.0/../../../../x86_64-w64-mingw32/lib/../lib/libmsvcrt.a(libmsvcrt_defs00099.o)
                0x00000001400027e0                __setusermatherr
 .text          0x00000001400027e8        0x0 D:/ITI_ES/Programs/msys64/mingw64/bin/../lib/gcc/x86_64-w64-mingw32/11.2.0/../../../../x86_64-w64-mingw32/lib/../lib/libmsvcrt.a(libmsvcrt_defs00116.o)
 .text          0x00000001400027e8        0x8 D:/ITI_ES/Programs/msys64/mingw64/bin/../lib/gcc/x86_64-w64-mingw32/11.2.0/../../../../x86_64-w64-mingw32/lib/../lib/libmsvcrt.a(libmsvcrt_defs00123.o)
                0x00000001400027e8                _amsg_exit
 .text          0x00000001400027f0        0x8 D:/ITI_ES/Programs/msys64/mingw64/bin/../lib/gcc/x86_64-w64-mingw32/11.2.0/../../../../x86_64-w64-mingw32/lib/../lib/libmsvcrt.a(libmsvcrt_defs00141.o)
                0x00000001400027f0                _cexit
 .text          0x00000001400027f8        0x0 D:/ITI_ES/Programs/msys64/mingw64/bin/../lib/gcc/x86_64-w64-mingw32/11.2.0/../../../../x86_64-w64-mingw32/lib/../lib/libmsvcrt.a(libmsvcrt_defs00157.o)
 .text          0x00000001400027f8        0x0 D:/ITI_ES/Programs/msys64/mingw64/bin/../lib/gcc/x86_64-w64-mingw32/11.2.0/../../../../x86_64-w64-mingw32/lib/../lib/libmsvcrt.a(libmsvcrt_defs00254.o)
 .text          0x00000001400027f8        0x8 D:/ITI_ES/Programs/msys64/mingw64/bin/../lib/gcc/x86_64-w64-mingw32/11.2.0/../../../../x86_64-w64-mingw32/lib/../lib/libmsvcrt.a(libmsvcrt_defs00332.o)
                0x00000001400027f8                _initterm
 .text          0x0000000140002800        0x8 D:/ITI_ES/Programs/msys64/mingw64/bin/../lib/gcc/x86_64-w64-mingw32/11.2.0/../../../../x86_64-w64-mingw32/lib/../lib/libmsvcrt.a(libmsvcrt_defs00614.o)
                0x0000000140002800                _onexit
 .text          0x0000000140002808        0x8 D:/ITI_ES/Programs/msys64/mingw64/bin/../lib/gcc/x86_64-w64-mingw32/11.2.0/../../../../x86_64-w64-mingw32/lib/../lib/libmsvcrt.a(libmsvcrt_defs01038.o)
                0x0000000140002808                abort
 .text          0x0000000140002810        0x8 D:/ITI_ES/Programs/msys64/mingw64/bin/../lib/gcc/x86_64-w64-mingw32/11.2.0/../../../../x86_64-w64-mingw32/lib/../lib/libmsvcrt.a(libmsvcrt_defs01056.o)
                0x0000000140002810                calloc
 .text          0x0000000140002818        0x8 D:/ITI_ES/Programs/msys64/mingw64/bin/../lib/gcc/x86_64-w64-mingw32/11.2.0/../../../../x86_64-w64-mingw32/lib/../lib/libmsvcrt.a(libmsvcrt_defs01069.o)
                0x0000000140002818                exit
 .text          0x0000000140002820        0x8 D:/ITI_ES/Programs/msys64/mingw64/bin/../lib/gcc/x86_64-w64-mingw32/11.2.0/../../../../x86_64-w64-mingw32/lib/../lib/libmsvcrt.a(libmsvcrt_defs01090.o)
                0x0000000140002820                fprintf
 .text          0x0000000140002828        0x8 D:/ITI_ES/Programs/msys64/mingw64/bin/../lib/gcc/x86_64-w64-mingw32/11.2.0/../../../../x86_64-w64-mingw32/lib/../lib/libmsvcrt.a(libmsvcrt_defs01097.o)
                0x0000000140002828                free
 .text          0x0000000140002830        0x8 D:/ITI_ES/Programs/msys64/mingw64/bin/../lib/gcc/x86_64-w64-mingw32/11.2.0/../../../../x86_64-w64-mingw32/lib/../lib/libmsvcrt.a(libmsvcrt_defs01110.o)
                0x0000000140002830                fwrite
 .text          0x0000000140002838        0x8 D:/ITI_ES/Programs/msys64/mingw64/bin/../lib/gcc/x86_64-w64-mingw32/11.2.0/../../../../x86_64-w64-mingw32/lib/../lib/libmsvcrt.a(libmsvcrt_defs01158.o)
                0x0000000140002838                malloc
 .text          0x0000000140002840        0x8 D:/ITI_ES/Programs/msys64/mingw64/bin/../lib/gcc/x86_64-w64-mingw32/11.2.0/../../../../x86_64-w64-mingw32/lib/../lib/libmsvcrt.a(libmsvcrt_defs01166.o)
                0x0000000140002840                memcpy
 .text          0x0000000140002848        0x8 D:/ITI_ES/Programs/msys64/mingw64/bin/../lib/gcc/x86_64-w64-mingw32/11.2.0/../../../../x86_64-w64-mingw32/lib/../lib/libmsvcrt.a(libmsvcrt_defs01198.o)
                0x0000000140002848                signal
 .text          0x0000000140002850        0x8 D:/ITI_ES/Programs/msys64/mingw64/bin/../lib/gcc/x86_64-w64-mingw32/11.2.0/../../../../x86_64-w64-mingw32/lib/../lib/libmsvcrt.a(libmsvcrt_defs01221.o)
                0x0000000140002850                strlen
 .text          0x0000000140002858        0x8 D:/ITI_ES/Programs/msys64/mingw64/bin/../lib/gcc/x86_64-w64-mingw32/11.2.0/../../../../x86_64-w64-mingw32/lib/../lib/libmsvcrt.a(libmsvcrt_defs01224.o)
                0x0000000140002858                strncmp
 .text          0x0000000140002860        0x8 D:/ITI_ES/Programs/msys64/mingw64/bin/../lib/gcc/x86_64-w64-mingw32/11.2.0/../../../../x86_64-w64-mingw32/lib/../lib/libmsvcrt.a(libmsvcrt_defs01259.o)
                0x0000000140002860                vfprintf
 *fill*         0x0000000140002868        0x8 
 .text          0x0000000140002870        0x0 D:/ITI_ES/Programs/msys64/mingw64/bin/../lib/gcc/x86_64-w64-mingw32/11.2.0/../../../../x86_64-w64-mingw32/lib/../lib/libmsvcrt.a(libmsvcrt_defh.o)
 .text          0x0000000140002870        0x0 D:/ITI_ES/Programs/msys64/mingw64/bin/../lib/gcc/x86_64-w64-mingw32/11.2.0/../../../../x86_64-w64-mingw32/lib/../lib/libmsvcrt.a(libmsvcrt_deft.o)
 .text          0x0000000140002870        0x8 D:/ITI_ES/Programs/msys64/mingw64/bin/../lib/gcc/x86_64-w64-mingw32/11.2.0/../../../../x86_64-w64-mingw32/lib/../lib/libkernel32.a(libkernel32s01493.o)
                0x0000000140002870                VirtualQuery
 .text          0x0000000140002878        0x8 D:/ITI_ES/Programs/msys64/mingw64/bin/../lib/gcc/x86_64-w64-mingw32/11.2.0/../../../../x86_64-w64-mingw32/lib/../lib/libkernel32.a(libkernel32s01491.o)
                0x0000000140002878                VirtualProtect
 .text          0x0000000140002880        0x8 D:/ITI_ES/Programs/msys64/mingw64/bin/../lib/gcc/x86_64-w64-mingw32/11.2.0/../../../../x86_64-w64-mingw32/lib/../lib/libkernel32.a(libkernel32s01444.o)
                0x0000000140002880                TlsGetValue
 .text          0x0000000140002888        0x8 D:/ITI_ES/Programs/msys64/mingw64/bin/../lib/gcc/x86_64-w64-mingw32/11.2.0/../../../../x86_64-w64-mingw32/lib/../lib/libkernel32.a(libkernel32s01409.o)
                0x0000000140002888                Sleep
 .text          0x0000000140002890        0x8 D:/ITI_ES/Programs/msys64/mingw64/bin/../lib/gcc/x86_64-w64-mingw32/11.2.0/../../../../x86_64-w64-mingw32/lib/../lib/libkernel32.a(libkernel32s01393.o)
                0x0000000140002890                SetUnhandledExceptionFilter
 .text          0x0000000140002898        0x8 D:/ITI_ES/Programs/msys64/mingw64/bin/../lib/gcc/x86_64-w64-mingw32/11.2.0/../../../../x86_64-w64-mingw32/lib/../lib/libkernel32.a(libkernel32s00983.o)
                0x0000000140002898                LeaveCriticalSection
 .text          0x00000001400028a0        0x8 D:/ITI_ES/Programs/msys64/mingw64/bin/../lib/gcc/x86_64-w64-mingw32/11.2.0/../../../../x86_64-w64-mingw32/lib/../lib/libkernel32.a(libkernel32s00891.o)
                0x00000001400028a0                InitializeCriticalSection
 .text          0x00000001400028a8        0x8 D:/ITI_ES/Programs/msys64/mingw64/bin/../lib/gcc/x86_64-w64-mingw32/11.2.0/../../../../x86_64-w64-mingw32/lib/../lib/libkernel32.a(libkernel32s00742.o)
                0x00000001400028a8                GetStartupInfoA
 .text          0x00000001400028b0        0x8 D:/ITI_ES/Programs/msys64/mingw64/bin/../lib/gcc/x86_64-w64-mingw32/11.2.0/../../../../x86_64-w64-mingw32/lib/../lib/libkernel32.a(libkernel32s00629.o)
                0x00000001400028b0                GetLastError
 .text          0x00000001400028b8        0x8 D:/ITI_ES/Programs/msys64/mingw64/bin/../lib/gcc/x86_64-w64-mingw32/11.2.0/../../../../x86_64-w64-mingw32/lib/../lib/libkernel32.a(libkernel32s00318.o)
                0x00000001400028b8                EnterCriticalSection
 .text          0x00000001400028c0        0x8 D:/ITI_ES/Programs/msys64/mingw64/bin/../lib/gcc/x86_64-w64-mingw32/11.2.0/../../../../x86_64-w64-mingw32/lib/../lib/libkernel32.a(libkernel32s00282.o)
                0x00000001400028c0                DeleteCriticalSection
 *fill*         0x00000001400028c8        0x8 
 .text          0x00000001400028d0        0x0 D:/ITI_ES/Programs/msys64/mingw64/bin/../lib/gcc/x86_64-w64-mingw32/11.2.0/../../../../x86_64-w64-mingw32/lib/../lib/libkernel32.a(libkernel32h.o)
 .text          0x00000001400028d0        0x0 D:/ITI_ES/Programs/msys64/mingw64/bin/../lib/gcc/x86_64-w64-mingw32/11.2.0/../../../../x86_64-w64-mingw32/lib/../lib/libkernel32.a(libkernel32t.o)
 .text          0x00000001400028d0        0x0 D:/ITI_ES/Programs/msys64/mingw64/bin/../lib/gcc/x86_64-w64-mingw32/11.2.0/crtend.o
 *(SORT_BY_NAME(.text$*))
 *(.text.*)
 .text.startup  0x00000001400028d0       0x10 D:/ITI_ES/Programs/msys64/mingw64/bin/../lib/gcc/x86_64-w64-mingw32/11.2.0/crtend.o
 *(.gnu.linkonce.t.*)
 *(.glue_7t)
 *(.glue_7)
                0x00000001400028e0                . = ALIGN (0x8)
                0x00000001400028e0                ___CTOR_LIST__ = .
                0x00000001400028e0                __CTOR_LIST__ = .
                0x00000001400028e0        0x4 LONG 0xffffffffffffffff
                0x00000001400028e4        0x4 LONG 0xffffffffffffffff
 *(.ctors)
 .ctors         0x00000001400028e8        0x8 C:\Users\mostafa\AppData\Local\Temp\cc0hx89f.o
 *(.ctor)
 *(SORT_BY_NAME(.ctors.*))
 .ctors.65535   0x00000001400028f0        0x8 D:/ITI_ES/Programs/msys64/mingw64/bin/../lib/gcc/x86_64-w64-mingw32/11.2.0/crtend.o
                0x00000001400028f8        0x4 LONG 0x0
                0x00000001400028fc        0x4 LONG 0x0
                0x0000000140002900                ___DTOR_LIST__ = .
                0x0000000140002900                __DTOR_LIST__ = .
                0x0000000140002900        0x4 LONG 0xffffffffffffffff
                0x0000000140002904        0x4 LONG 0xffffffffffffffff
 *(.dtors)
 *(.dtor)
 *(SORT_BY_NAME(.dtors.*))
                0x0000000140002908        0x4 LONG 0x0
                0x000000014000290c        0x4 LONG 0x0
 *(SORT_NONE(.fini))
 *(.gcc_exc)
                [!provide]                        PROVIDE (etext = .)
 *(.gcc_except_table)

.data           0x0000000140003000      0x200
                0x0000000140003000                __data_start__ = .
 *(.data)
 .data          0x0000000140003000       0x10 D:/ITI_ES/Programs/msys64/mingw64/bin/../lib/gcc/x86_64-w64-mingw32/11.2.0/../../../../x86_64-w64-mingw32/lib/../lib/crt2.o
                0x0000000140003000                __mingw_winmain_nShowCmd
 .data          0x0000000140003010        0x0 D:/ITI_ES/Programs/msys64/mingw64/bin/../lib/gcc/x86_64-w64-mingw32/11.2.0/crtbegin.o
 .data          0x0000000140003010        0x0 C:\Users\mostafa\AppData\Local\Temp\ccgSqLHZ.o
 .data          0x0000000140003010        0x0 C:\Users\mostafa\AppData\Local\Temp\cc0hx89f.o
 .data          0x0000000140003010       0x10 D:/ITI_ES/Programs/msys64/mingw64/bin/../lib/gcc/x86_64-w64-mingw32/11.2.0/../../../../x86_64-w64-mingw32/lib/../lib/libmingw32.a(lib64_libmingw32_a-gccmain.o)
 .data          0x0000000140003020       0x10 D:/ITI_ES/Programs/msys64/mingw64/bin/../lib/gcc/x86_64-w64-mingw32/11.2.0/../../../../x86_64-w64-mingw32/lib/../lib/libmingw32.a(lib64_libmingw32_a-natstart.o)
                0x0000000140003020                __native_vcclrit_reason
                0x0000000140003024                __native_dllmain_reason
 .data          0x0000000140003030       0x10 D:/ITI_ES/Programs/msys64/mingw64/bin/../lib/gcc/x86_64-w64-mingw32/11.2.0/../../../../x86_64-w64-mingw32/lib/../lib/libmingw32.a(lib64_libmingw32_a-wildcard.o)
                0x0000000140003030                _dowildcard
 .data          0x0000000140003040        0x0 D:/ITI_ES/Programs/msys64/mingw64/bin/../lib/gcc/x86_64-w64-mingw32/11.2.0/../../../../x86_64-w64-mingw32/lib/../lib/libmingw32.a(lib64_libmingw32_a-dllargv.o)
 .data          0x0000000140003040        0x0 D:/ITI_ES/Programs/msys64/mingw64/bin/../lib/gcc/x86_64-w64-mingw32/11.2.0/../../../../x86_64-w64-mingw32/lib/../lib/libmingw32.a(lib64_libmingw32_a-_newmode.o)
 .data          0x0000000140003040        0x0 D:/ITI_ES/Programs/msys64/mingw64/bin/../lib/gcc/x86_64-w64-mingw32/11.2.0/../../../../x86_64-w64-mingw32/lib/../lib/libmingw32.a(lib64_libmingw32_a-tlssup.o)
 .data          0x0000000140003040        0x0 D:/ITI_ES/Programs/msys64/mingw64/bin/../lib/gcc/x86_64-w64-mingw32/11.2.0/../../../../x86_64-w64-mingw32/lib/../lib/libmingw32.a(lib64_libmingw32_a-xncommod.o)
 .data          0x0000000140003040        0x0 D:/ITI_ES/Programs/msys64/mingw64/bin/../lib/gcc/x86_64-w64-mingw32/11.2.0/../../../../x86_64-w64-mingw32/lib/../lib/libmingw32.a(lib64_libmingw32_a-cinitexe.o)
 .data          0x0000000140003040        0x0 D:/ITI_ES/Programs/msys64/mingw64/bin/../lib/gcc/x86_64-w64-mingw32/11.2.0/../../../../x86_64-w64-mingw32/lib/../lib/libmingw32.a(lib64_libmingw32_a-merr.o)
 .data          0x0000000140003040        0x0 D:/ITI_ES/Programs/msys64/mingw64/bin/../lib/gcc/x86_64-w64-mingw32/11.2.0/../../../../x86_64-w64-mingw32/lib/../lib/libmingw32.a(lib64_libmingw32_a-CRT_fp10.o)
 .data          0x0000000140003040        0x0 D:/ITI_ES/Programs/msys64/mingw64/bin/../lib/gcc/x86_64-w64-mingw32/11.2.0/../../../../x86_64-w64-mingw32/lib/../lib/libmingw32.a(lib64_libmingw32_a-mingw_helpers.o)
 .data          0x0000000140003040        0x0 D:/ITI_ES/Programs/msys64/mingw64/bin/../lib/gcc/x86_64-w64-mingw32/11.2.0/../../../../x86_64-w64-mingw32/lib/../lib/libmingw32.a(lib64_libmingw32_a-pseudo-reloc.o)
 .data          0x0000000140003040        0x0 D:/ITI_ES/Programs/msys64/mingw64/bin/../lib/gcc/x86_64-w64-mingw32/11.2.0/../../../../x86_64-w64-mingw32/lib/../lib/libmingw32.a(lib64_libmingw32_a-usermatherr.o)
 .data          0x0000000140003040        0x0 D:/ITI_ES/Programs/msys64/mingw64/bin/../lib/gcc/x86_64-w64-mingw32/11.2.0/../../../../x86_64-w64-mingw32/lib/../lib/libmingw32.a(lib64_libmingw32_a-xtxtmode.o)
 .data          0x0000000140003040        0x0 D:/ITI_ES/Programs/msys64/mingw64/bin/../lib/gcc/x86_64-w64-mingw32/11.2.0/../../../../x86_64-w64-mingw32/lib/../lib/libmingw32.a(lib64_libmingw32_a-crt_handler.o)
 .data          0x0000000140003040        0x0 D:/ITI_ES/Programs/msys64/mingw64/bin/../lib/gcc/x86_64-w64-mingw32/11.2.0/../../../../x86_64-w64-mingw32/lib/../lib/libmingw32.a(lib64_libmingw32_a-tlsthrd.o)
 .data          0x0000000140003040       0x10 D:/ITI_ES/Programs/msys64/mingw64/bin/../lib/gcc/x86_64-w64-mingw32/11.2.0/../../../../x86_64-w64-mingw32/lib/../lib/libmingw32.a(lib64_libmingw32_a-tlsmcrt.o)
                0x0000000140003040                _CRT_MT
 .data          0x0000000140003050        0x0 D:/ITI_ES/Programs/msys64/mingw64/bin/../lib/gcc/x86_64-w64-mingw32/11.2.0/../../../../x86_64-w64-mingw32/lib/../lib/libmingw32.a(lib64_libmingw32_a-pseudo-reloc-list.o)
 .data          0x0000000140003050        0x0 D:/ITI_ES/Programs/msys64/mingw64/bin/../lib/gcc/x86_64-w64-mingw32/11.2.0/../../../../x86_64-w64-mingw32/lib/../lib/libmingw32.a(lib64_libmingw32_a-pesect.o)
 .data          0x0000000140003050        0x0 D:/ITI_ES/Programs/msys64/mingw64/bin/../lib/gcc/x86_64-w64-mingw32/11.2.0/libgcc.a(_chkstk_ms.o)
 .data          0x0000000140003050        0x0 D:/ITI_ES/Programs/msys64/mingw64/bin/../lib/gcc/x86_64-w64-mingw32/11.2.0/libgcc.a(_ctors.o)
 .data          0x0000000140003050       0x10 D:/ITI_ES/Programs/msys64/mingw64/bin/../lib/gcc/x86_64-w64-mingw32/11.2.0/../../../../x86_64-w64-mingw32/lib/../lib/libmingwex.a(lib64_libmingwex_a-mingw_matherr.o)
                0x0000000140003050                _MINGW_INSTALL_DEBUG_MATHERR
 .data          0x0000000140003060       0x10 D:/ITI_ES/Programs/msys64/mingw64/bin/../lib/gcc/x86_64-w64-mingw32/11.2.0/../../../../x86_64-w64-mingw32/lib/../lib/libmsvcrt.a(lib64_libmsvcrt_extra_a-__p__fmode.o)
                0x0000000140003060                __imp___p__fmode
 .data          0x0000000140003070       0x10 D:/ITI_ES/Programs/msys64/mingw64/bin/../lib/gcc/x86_64-w64-mingw32/11.2.0/../../../../x86_64-w64-mingw32/lib/../lib/libmsvcrt.a(lib64_libmsvcrt_extra_a-__p__commode.o)
                0x0000000140003070                __imp___p__commode
 .data          0x0000000140003080       0x10 D:/ITI_ES/Programs/msys64/mingw64/bin/../lib/gcc/x86_64-w64-mingw32/11.2.0/../../../../x86_64-w64-mingw32/lib/../lib/libmsvcrt.a(lib64_libmsvcrt_extra_a-__p__acmdln.o)
                0x0000000140003080                __imp___p__acmdln
 .data          0x0000000140003090       0x10 D:/ITI_ES/Programs/msys64/mingw64/bin/../lib/gcc/x86_64-w64-mingw32/11.2.0/../../../../x86_64-w64-mingw32/lib/../lib/libmsvcrt.a(lib64_libmsvcrt_extra_a-invalid_parameter_handler.o)
                0x0000000140003090                __imp__get_invalid_parameter_handler
                0x0000000140003098                __imp__set_invalid_parameter_handler
 .data          0x00000001400030a0       0x10 D:/ITI_ES/Programs/msys64/mingw64/bin/../lib/gcc/x86_64-w64-mingw32/11.2.0/../../../../x86_64-w64-mingw32/lib/../lib/libmsvcrt.a(lib64_libmsvcrt_common_a-acrt_iob_func.o)
                0x00000001400030a0                __imp___acrt_iob_func
 .data          0x00000001400030b0        0x0 D:/ITI_ES/Programs/msys64/mingw64/bin/../lib/gcc/x86_64-w64-mingw32/11.2.0/../../../../x86_64-w64-mingw32/lib/../lib/libmsvcrt.a(libmsvcrt_defs00055.o)
 .data          0x00000001400030b0        0x0 D:/ITI_ES/Programs/msys64/mingw64/bin/../lib/gcc/x86_64-w64-mingw32/11.2.0/../../../../x86_64-w64-mingw32/lib/../lib/libmsvcrt.a(libmsvcrt_defs00081.o)
 .data          0x00000001400030b0        0x0 D:/ITI_ES/Programs/msys64/mingw64/bin/../lib/gcc/x86_64-w64-mingw32/11.2.0/../../../../x86_64-w64-mingw32/lib/../lib/libmsvcrt.a(libmsvcrt_defs00082.o)
 .data          0x00000001400030b0        0x0 D:/ITI_ES/Programs/msys64/mingw64/bin/../lib/gcc/x86_64-w64-mingw32/11.2.0/../../../../x86_64-w64-mingw32/lib/../lib/libmsvcrt.a(libmsvcrt_defs00083.o)
 .data          0x00000001400030b0        0x0 D:/ITI_ES/Programs/msys64/mingw64/bin/../lib/gcc/x86_64-w64-mingw32/11.2.0/../../../../x86_64-w64-mingw32/lib/../lib/libmsvcrt.a(libmsvcrt_defs00097.o)
 .data          0x00000001400030b0        0x0 D:/ITI_ES/Programs/msys64/mingw64/bin/../lib/gcc/x86_64-w64-mingw32/11.2.0/../../../../x86_64-w64-mingw32/lib/../lib/libmsvcrt.a(libmsvcrt_defs00099.o)
 .data          0x00000001400030b0        0x0 D:/ITI_ES/Programs/msys64/mingw64/bin/../lib/gcc/x86_64-w64-mingw32/11.2.0/../../../../x86_64-w64-mingw32/lib/../lib/libmsvcrt.a(libmsvcrt_defs00116.o)
 .data          0x00000001400030b0        0x0 D:/ITI_ES/Programs/msys64/mingw64/bin/../lib/gcc/x86_64-w64-mingw32/11.2.0/../../../../x86_64-w64-mingw32/lib/../lib/libmsvcrt.a(libmsvcrt_defs00123.o)
 .data          0x00000001400030b0        0x0 D:/ITI_ES/Programs/msys64/mingw64/bin/../lib/gcc/x86_64-w64-mingw32/11.2.0/../../../../x86_64-w64-mingw32/lib/../lib/libmsvcrt.a(libmsvcrt_defs00141.o)
 .data          0x00000001400030b0        0x0 D:/ITI_ES/Programs/msys64/mingw64/bin/../lib/gcc/x86_64-w64-mingw32/11.2.0/../../../../x86_64-w64-mingw32/lib/../lib/libmsvcrt.a(libmsvcrt_defs00157.o)
 .data          0x00000001400030b0        0x0 D:/ITI_ES/Programs/msys64/mingw64/bin/../lib/gcc/x86_64-w64-mingw32/11.2.0/../../../../x86_64-w64-mingw32/lib/../lib/libmsvcrt.a(libmsvcrt_defs00254.o)
 .data          0x00000001400030b0        0x0 D:/ITI_ES/Programs/msys64/mingw64/bin/../lib/gcc/x86_64-w64-mingw32/11.2.0/../../../../x86_64-w64-mingw32/lib/../lib/libmsvcrt.a(libmsvcrt_defs00332.o)
 .data          0x00000001400030b0        0x0 D:/ITI_ES/Programs/msys64/mingw64/bin/../lib/gcc/x86_64-w64-mingw32/11.2.0/../../../../x86_64-w64-mingw32/lib/../lib/libmsvcrt.a(libmsvcrt_defs00614.o)
 .data          0x00000001400030b0        0x0 D:/ITI_ES/Programs/msys64/mingw64/bin/../lib/gcc/x86_64-w64-mingw32/11.2.0/../../../../x86_64-w64-mingw32/lib/../lib/libmsvcrt.a(libmsvcrt_defs01038.o)
 .data          0x00000001400030b0        0x0 D:/ITI_ES/Programs/msys64/mingw64/bin/../lib/gcc/x86_64-w64-mingw32/11.2.0/../../../../x86_64-w64-mingw32/lib/../lib/libmsvcrt.a(libmsvcrt_defs01056.o)
 .data          0x00000001400030b0        0x0 D:/ITI_ES/Programs/msys64/mingw64/bin/../lib/gcc/x86_64-w64-mingw32/11.2.0/../../../../x86_64-w64-mingw32/lib/../lib/libmsvcrt.a(libmsvcrt_defs01069.o)
 .data          0x00000001400030b0        0x0 D:/ITI_ES/Programs/msys64/mingw64/bin/../lib/gcc/x86_64-w64-mingw32/11.2.0/../../../../x86_64-w64-mingw32/lib/../lib/libmsvcrt.a(libmsvcrt_defs01090.o)
 .data          0x00000001400030b0        0x0 D:/ITI_ES/Programs/msys64/mingw64/bin/../lib/gcc/x86_64-w64-mingw32/11.2.0/../../../../x86_64-w64-mingw32/lib/../lib/libmsvcrt.a(libmsvcrt_defs01097.o)
 .data          0x00000001400030b0        0x0 D:/ITI_ES/Programs/msys64/mingw64/bin/../lib/gcc/x86_64-w64-mingw32/11.2.0/../../../../x86_64-w64-mingw32/lib/../lib/libmsvcrt.a(libmsvcrt_defs01110.o)
 .data          0x00000001400030b0        0x0 D:/ITI_ES/Programs/msys64/mingw64/bin/../lib/gcc/x86_64-w64-mingw32/11.2.0/../../../../x86_64-w64-mingw32/lib/../lib/libmsvcrt.a(libmsvcrt_defs01158.o)
 .data          0x00000001400030b0        0x0 D:/ITI_ES/Programs/msys64/mingw64/bin/../lib/gcc/x86_64-w64-mingw32/11.2.0/../../../../x86_64-w64-mingw32/lib/../lib/libmsvcrt.a(libmsvcrt_defs01166.o)
 .data          0x00000001400030b0        0x0 D:/ITI_ES/Programs/msys64/mingw64/bin/../lib/gcc/x86_64-w64-mingw32/11.2.0/../../../../x86_64-w64-mingw32/lib/../lib/libmsvcrt.a(libmsvcrt_defs01198.o)
 .data          0x00000001400030b0        0x0 D:/ITI_ES/Programs/msys64/mingw64/bin/../lib/gcc/x86_64-w64-mingw32/11.2.0/../../../../x86_64-w64-mingw32/lib/../lib/libmsvcrt.a(libmsvcrt_defs01221.o)
 .data          0x00000001400030b0        0x0 D:/ITI_ES/Programs/msys64/mingw64/bin/../lib/gcc/x86_64-w64-mingw32/11.2.0/../../../../x86_64-w64-mingw32/lib/../lib/libmsvcrt.a(libmsvcrt_defs01224.o)
 .data          0x00000001400030b0        0x0 D:/ITI_ES/Programs/msys64/mingw64/bin/../lib/gcc/x86_64-w64-mingw32/11.2.0/../../../../x86_64-w64-mingw32/lib/../lib/libmsvcrt.a(libmsvcrt_defs01259.o)
 .data          0x00000001400030b0        0x0 D:/ITI_ES/Programs/msys64/mingw64/bin/../lib/gcc/x86_64-w64-mingw32/11.2.0/../../../../x86_64-w64-mingw32/lib/../lib/libmsvcrt.a(libmsvcrt_defh.o)
 .data          0x00000001400030b0        0x0 D:/ITI_ES/Programs/msys64/mingw64/bin/../lib/gcc/x86_64-w64-mingw32/11.2.0/../../../../x86_64-w64-mingw32/lib/../lib/libmsvcrt.a(libmsvcrt_deft.o)
 .data          0x00000001400030b0        0x0 D:/ITI_ES/Programs/msys64/mingw64/bin/../lib/gcc/x86_64-w64-mingw32/11.2.0/../../../../x86_64-w64-mingw32/lib/../lib/libkernel32.a(libkernel32s01493.o)
 .data          0x00000001400030b0        0x0 D:/ITI_ES/Programs/msys64/mingw64/bin/../lib/gcc/x86_64-w64-mingw32/11.2.0/../../../../x86_64-w64-mingw32/lib/../lib/libkernel32.a(libkernel32s01491.o)
 .data          0x00000001400030b0        0x0 D:/ITI_ES/Programs/msys64/mingw64/bin/../lib/gcc/x86_64-w64-mingw32/11.2.0/../../../../x86_64-w64-mingw32/lib/../lib/libkernel32.a(libkernel32s01444.o)
 .data          0x00000001400030b0        0x0 D:/ITI_ES/Programs/msys64/mingw64/bin/../lib/gcc/x86_64-w64-mingw32/11.2.0/../../../../x86_64-w64-mingw32/lib/../lib/libkernel32.a(libkernel32s01409.o)
 .data          0x00000001400030b0        0x0 D:/ITI_ES/Programs/msys64/mingw64/bin/../lib/gcc/x86_64-w64-mingw32/11.2.0/../../../../x86_64-w64-mingw32/lib/../lib/libkernel32.a(libkernel32s01393.o)
 .data          0x00000001400030b0        0x0 D:/ITI_ES/Programs/msys64/mingw64/bin/../lib/gcc/x86_64-w64-mingw32/11.2.0/../../../../x86_64-w64-mingw32/lib/../lib/libkernel32.a(libkernel32s00983.o)
 .data          0x00000001400030b0        0x0 D:/ITI_ES/Programs/msys64/mingw64/bin/../lib/gcc/x86_64-w64-mingw32/11.2.0/../../../../x86_64-w64-mingw32/lib/../lib/libkernel32.a(libkernel32s00891.o)
 .data          0x00000001400030b0        0x0 D:/ITI_ES/Programs/msys64/mingw64/bin/../lib/gcc/x86_64-w64-mingw32/11.2.0/../../../../x86_64-w64-mingw32/lib/../lib/libkernel32.a(libkernel32s00742.o)
 .data          0x00000001400030b0        0x0 D:/ITI_ES/Programs/msys64/mingw64/bin/../lib/gcc/x86_64-w64-mingw32/11.2.0/../../../../x86_64-w64-mingw32/lib/../lib/libkernel32.a(libkernel32s00629.o)
 .data          0x00000001400030b0        0x0 D:/ITI_ES/Programs/msys64/mingw64/bin/../lib/gcc/x86_64-w64-mingw32/11.2.0/../../../../x86_64-w64-mingw32/lib/../lib/libkernel32.a(libkernel32s00318.o)
 .data          0x00000001400030b0        0x0 D:/ITI_ES/Programs/msys64/mingw64/bin/../lib/gcc/x86_64-w64-mingw32/11.2.0/../../../../x86_64-w64-mingw32/lib/../lib/libkernel32.a(libkernel32s00282.o)
 .data          0x00000001400030b0        0x0 D:/ITI_ES/Programs/msys64/mingw64/bin/../lib/gcc/x86_64-w64-mingw32/11.2.0/../../../../x86_64-w64-mingw32/lib/../lib/libkernel32.a(libkernel32h.o)
 .data          0x00000001400030b0        0x0 D:/ITI_ES/Programs/msys64/mingw64/bin/../lib/gcc/x86_64-w64-mingw32/11.2.0/../../../../x86_64-w64-mingw32/lib/../lib/libkernel32.a(libkernel32t.o)
 .data          0x00000001400030b0        0x0 D:/ITI_ES/Programs/msys64/mingw64/bin/../lib/gcc/x86_64-w64-mingw32/11.2.0/crtend.o
 *(.data2)
 *(SORT_BY_NAME(.data$*))
 *(.jcr)
                0x00000001400030b0                __data_end__ = .
 *(.data_cygwin_nocopy)

.rdata          0x0000000140004000      0xc00
 *(.rdata)
 .rdata         0x0000000140004000       0x60 D:/ITI_ES/Programs/msys64/mingw64/bin/../lib/gcc/x86_64-w64-mingw32/11.2.0/../../../../x86_64-w64-mingw32/lib/../lib/libmingw32.a(lib64_libmingw32_a-tlssup.o)
                0x0000000140004000                __dyn_tls_init_callback
                0x0000000140004020                _tls_used
 .rdata         0x0000000140004060      0x140 D:/ITI_ES/Programs/msys64/mingw64/bin/../lib/gcc/x86_64-w64-mingw32/11.2.0/../../../../x86_64-w64-mingw32/lib/../lib/libmingw32.a(lib64_libmingw32_a-merr.o)
 .rdata         0x00000001400041a0      0x160 D:/ITI_ES/Programs/msys64/mingw64/bin/../lib/gcc/x86_64-w64-mingw32/11.2.0/../../../../x86_64-w64-mingw32/lib/../lib/libmingw32.a(lib64_libmingw32_a-pseudo-reloc.o)
 .rdata         0x0000000140004300       0x30 D:/ITI_ES/Programs/msys64/mingw64/bin/../lib/gcc/x86_64-w64-mingw32/11.2.0/../../../../x86_64-w64-mingw32/lib/../lib/libmingw32.a(lib64_libmingw32_a-crt_handler.o)
 .rdata         0x0000000140004330        0x8 ertr000001.o
 *(SORT_BY_NAME(.rdata$*))
 *fill*         0x0000000140004338        0x8 
 .rdata$.refptr._CRT_MT
                0x0000000140004340       0x10 D:/ITI_ES/Programs/msys64/mingw64/bin/../lib/gcc/x86_64-w64-mingw32/11.2.0/../../../../x86_64-w64-mingw32/lib/../lib/libmingw32.a(lib64_libmingw32_a-tlssup.o)
                0x0000000140004340                .refptr._CRT_MT
 .rdata$.refptr._MINGW_INSTALL_DEBUG_MATHERR
                0x0000000140004350       0x10 D:/ITI_ES/Programs/msys64/mingw64/bin/../lib/gcc/x86_64-w64-mingw32/11.2.0/../../../../x86_64-w64-mingw32/lib/../lib/crt2.o
                0x0000000140004350                .refptr._MINGW_INSTALL_DEBUG_MATHERR
 .rdata$.refptr._ZSt4cout
                0x0000000140004360       0x10 C:\Users\mostafa\AppData\Local\Temp\cc0hx89f.o
                0x0000000140004360                __fu0__ZSt4cout
                0x0000000140004360                .refptr._ZSt4cout
 .rdata$.refptr._ZSt4endlIcSt11char_traitsIcEERSt13basic_ostreamIT_T0_ES6_
                0x0000000140004370       0x10 C:\Users\mostafa\AppData\Local\Temp\cc0hx89f.o
                0x0000000140004370                .refptr._ZSt4endlIcSt11char_traitsIcEERSt13basic_ostreamIT_T0_ES6_
 .rdata$.refptr.__CTOR_LIST__
                0x0000000140004380       0x10 D:/ITI_ES/Programs/msys64/mingw64/bin/../lib/gcc/x86_64-w64-mingw32/11.2.0/../../../../x86_64-w64-mingw32/lib/../lib/libmingw32.a(lib64_libmingw32_a-gccmain.o)
                0x0000000140004380                .refptr.__CTOR_LIST__
 .rdata$.refptr.__RUNTIME_PSEUDO_RELOC_LIST_END__
                0x0000000140004390       0x10 D:/ITI_ES/Programs/msys64/mingw64/bin/../lib/gcc/x86_64-w64-mingw32/11.2.0/../../../../x86_64-w64-mingw32/lib/../lib/libmingw32.a(lib64_libmingw32_a-pseudo-reloc.o)
                0x0000000140004390                .refptr.__RUNTIME_PSEUDO_RELOC_LIST_END__
 .rdata$.refptr.__RUNTIME_PSEUDO_RELOC_LIST__
                0x00000001400043a0       0x10 D:/ITI_ES/Programs/msys64/mingw64/bin/../lib/gcc/x86_64-w64-mingw32/11.2.0/../../../../x86_64-w64-mingw32/lib/../lib/libmingw32.a(lib64_libmingw32_a-pseudo-reloc.o)
                0x00000001400043a0                .refptr.__RUNTIME_PSEUDO_RELOC_LIST__
 .rdata$.refptr.__dyn_tls_init_callback
                0x00000001400043b0       0x10 D:/ITI_ES/Programs/msys64/mingw64/bin/../lib/gcc/x86_64-w64-mingw32/11.2.0/../../../../x86_64-w64-mingw32/lib/../lib/crt2.o
                0x00000001400043b0                .refptr.__dyn_tls_init_callback
 .rdata$.refptr.__image_base__
                0x00000001400043c0       0x10 D:/ITI_ES/Programs/msys64/mingw64/bin/../lib/gcc/x86_64-w64-mingw32/11.2.0/../../../../x86_64-w64-mingw32/lib/../lib/crt2.o
                0x00000001400043c0                .refptr.__image_base__
 .rdata$.refptr.__imp___initenv
                0x00000001400043d0       0x10 D:/ITI_ES/Programs/msys64/mingw64/bin/../lib/gcc/x86_64-w64-mingw32/11.2.0/../../../../x86_64-w64-mingw32/lib/../lib/crt2.o
                0x00000001400043d0                .refptr.__imp___initenv
 .rdata$.refptr.__imp__acmdln
                0x00000001400043e0       0x10 D:/ITI_ES/Programs/msys64/mingw64/bin/../lib/gcc/x86_64-w64-mingw32/11.2.0/../../../../x86_64-w64-mingw32/lib/../lib/libmsvcrt.a(lib64_libmsvcrt_extra_a-__p__acmdln.o)
                0x00000001400043e0                .refptr.__imp__acmdln
 .rdata$.refptr.__imp__commode
                0x00000001400043f0       0x10 D:/ITI_ES/Programs/msys64/mingw64/bin/../lib/gcc/x86_64-w64-mingw32/11.2.0/../../../../x86_64-w64-mingw32/lib/../lib/libmsvcrt.a(lib64_libmsvcrt_extra_a-__p__commode.o)
                0x00000001400043f0                .refptr.__imp__commode
 .rdata$.refptr.__imp__fmode
                0x0000000140004400       0x10 D:/ITI_ES/Programs/msys64/mingw64/bin/../lib/gcc/x86_64-w64-mingw32/11.2.0/../../../../x86_64-w64-mingw32/lib/../lib/libmsvcrt.a(lib64_libmsvcrt_extra_a-__p__fmode.o)
                0x0000000140004400                .refptr.__imp__fmode
 .rdata$.refptr.__mingw_app_type
                0x0000000140004410       0x10 D:/ITI_ES/Programs/msys64/mingw64/bin/../lib/gcc/x86_64-w64-mingw32/11.2.0/../../../../x86_64-w64-mingw32/lib/../lib/crt2.o
                0x0000000140004410                .refptr.__mingw_app_type
 .rdata$.refptr.__mingw_initltsdrot_force
                0x0000000140004420       0x10 D:/ITI_ES/Programs/msys64/mingw64/bin/../lib/gcc/x86_64-w64-mingw32/11.2.0/../../../../x86_64-w64-mingw32/lib/../lib/crt2.o
                0x0000000140004420                .refptr.__mingw_initltsdrot_force
 .rdata$.refptr.__mingw_initltsdyn_force
                0x0000000140004430       0x10 D:/ITI_ES/Programs/msys64/mingw64/bin/../lib/gcc/x86_64-w64-mingw32/11.2.0/../../../../x86_64-w64-mingw32/lib/../lib/crt2.o
                0x0000000140004430                .refptr.__mingw_initltsdyn_force
 .rdata$.refptr.__mingw_initltssuo_force
                0x0000000140004440       0x10 D:/ITI_ES/Programs/msys64/mingw64/bin/../lib/gcc/x86_64-w64-mingw32/11.2.0/../../../../x86_64-w64-mingw32/lib/../lib/crt2.o
                0x0000000140004440                .refptr.__mingw_initltssuo_force
 .rdata$.refptr.__mingw_oldexcpt_handler
                0x0000000140004450       0x10 D:/ITI_ES/Programs/msys64/mingw64/bin/../lib/gcc/x86_64-w64-mingw32/11.2.0/../../../../x86_64-w64-mingw32/lib/../lib/crt2.o
                0x0000000140004450                .refptr.__mingw_oldexcpt_handler
 .rdata$.refptr.__native_startup_lock
                0x0000000140004460       0x10 D:/ITI_ES/Programs/msys64/mingw64/bin/../lib/gcc/x86_64-w64-mingw32/11.2.0/../../../../x86_64-w64-mingw32/lib/../lib/crt2.o
                0x0000000140004460                .refptr.__native_startup_lock
 .rdata$.refptr.__native_startup_state
                0x0000000140004470       0x10 D:/ITI_ES/Programs/msys64/mingw64/bin/../lib/gcc/x86_64-w64-mingw32/11.2.0/../../../../x86_64-w64-mingw32/lib/../lib/crt2.o
                0x0000000140004470                .refptr.__native_startup_state
 .rdata$.refptr.__xc_a
                0x0000000140004480       0x10 D:/ITI_ES/Programs/msys64/mingw64/bin/../lib/gcc/x86_64-w64-mingw32/11.2.0/../../../../x86_64-w64-mingw32/lib/../lib/crt2.o
                0x0000000140004480                .refptr.__xc_a
 .rdata$.refptr.__xc_z
                0x0000000140004490       0x10 D:/ITI_ES/Programs/msys64/mingw64/bin/../lib/gcc/x86_64-w64-mingw32/11.2.0/../../../../x86_64-w64-mingw32/lib/../lib/crt2.o
                0x0000000140004490                .refptr.__xc_z
 .rdata$.refptr.__xi_a
                0x00000001400044a0       0x10 D:/ITI_ES/Programs/msys64/mingw64/bin/../lib/gcc/x86_64-w64-mingw32/11.2.0/../../../../x86_64-w64-mingw32/lib/../lib/crt2.o
                0x00000001400044a0                .refptr.__xi_a
 .rdata$.refptr.__xi_z
                0x00000001400044b0       0x10 D:/ITI_ES/Programs/msys64/mingw64/bin/../lib/gcc/x86_64-w64-mingw32/11.2.0/../../../../x86_64-w64-mingw32/lib/../lib/crt2.o
                0x00000001400044b0                .refptr.__xi_z
 .rdata$.refptr._commode
                0x00000001400044c0       0x10 D:/ITI_ES/Programs/msys64/mingw64/bin/../lib/gcc/x86_64-w64-mingw32/11.2.0/../../../../x86_64-w64-mingw32/lib/../lib/crt2.o
                0x00000001400044c0                .refptr._commode
 .rdata$.refptr._dowildcard
                0x00000001400044d0       0x10 D:/ITI_ES/Programs/msys64/mingw64/bin/../lib/gcc/x86_64-w64-mingw32/11.2.0/../../../../x86_64-w64-mingw32/lib/../lib/crt2.o
                0x00000001400044d0                .refptr._dowildcard
 .rdata$.refptr._fmode
                0x00000001400044e0       0x10 D:/ITI_ES/Programs/msys64/mingw64/bin/../lib/gcc/x86_64-w64-mingw32/11.2.0/../../../../x86_64-w64-mingw32/lib/../lib/crt2.o
                0x00000001400044e0                .refptr._fmode
 .rdata$.refptr._gnu_exception_handler
                0x00000001400044f0       0x10 D:/ITI_ES/Programs/msys64/mingw64/bin/../lib/gcc/x86_64-w64-mingw32/11.2.0/../../../../x86_64-w64-mingw32/lib/../lib/crt2.o
                0x00000001400044f0                .refptr._gnu_exception_handler
 .rdata$.refptr._matherr
                0x0000000140004500       0x10 D:/ITI_ES/Programs/msys64/mingw64/bin/../lib/gcc/x86_64-w64-mingw32/11.2.0/../../../../x86_64-w64-mingw32/lib/../lib/crt2.o
                0x0000000140004500                .refptr._matherr
 .rdata$.refptr._newmode
                0x0000000140004510       0x10 D:/ITI_ES/Programs/msys64/mingw64/bin/../lib/gcc/x86_64-w64-mingw32/11.2.0/../../../../x86_64-w64-mingw32/lib/../lib/crt2.o
                0x0000000140004510                .refptr._newmode
 .rdata$zzz     0x0000000140004520       0x30 D:/ITI_ES/Programs/msys64/mingw64/bin/../lib/gcc/x86_64-w64-mingw32/11.2.0/../../../../x86_64-w64-mingw32/lib/../lib/crt2.o
 .rdata$zzz     0x0000000140004550       0x30 D:/ITI_ES/Programs/msys64/mingw64/bin/../lib/gcc/x86_64-w64-mingw32/11.2.0/crtbegin.o
 .rdata$zzz     0x0000000140004580       0x30 C:\Users\mostafa\AppData\Local\Temp\ccgSqLHZ.o
 .rdata$zzz     0x00000001400045b0       0x30 C:\Users\mostafa\AppData\Local\Temp\cc0hx89f.o
 .rdata$zzz     0x00000001400045e0       0x30 D:/ITI_ES/Programs/msys64/mingw64/bin/../lib/gcc/x86_64-w64-mingw32/11.2.0/../../../../x86_64-w64-mingw32/lib/../lib/libmingw32.a(lib64_libmingw32_a-gccmain.o)
 .rdata$zzz     0x0000000140004610       0x30 D:/ITI_ES/Programs/msys64/mingw64/bin/../lib/gcc/x86_64-w64-mingw32/11.2.0/../../../../x86_64-w64-mingw32/lib/../lib/libmingw32.a(lib64_libmingw32_a-natstart.o)
 .rdata$zzz     0x0000000140004640       0x30 D:/ITI_ES/Programs/msys64/mingw64/bin/../lib/gcc/x86_64-w64-mingw32/11.2.0/../../../../x86_64-w64-mingw32/lib/../lib/libmingw32.a(lib64_libmingw32_a-wildcard.o)
 .rdata$zzz     0x0000000140004670       0x30 D:/ITI_ES/Programs/msys64/mingw64/bin/../lib/gcc/x86_64-w64-mingw32/11.2.0/../../../../x86_64-w64-mingw32/lib/../lib/libmingw32.a(lib64_libmingw32_a-dllargv.o)
 .rdata$zzz     0x00000001400046a0       0x30 D:/ITI_ES/Programs/msys64/mingw64/bin/../lib/gcc/x86_64-w64-mingw32/11.2.0/../../../../x86_64-w64-mingw32/lib/../lib/libmingw32.a(lib64_libmingw32_a-_newmode.o)
 .rdata$zzz     0x00000001400046d0       0x30 D:/ITI_ES/Programs/msys64/mingw64/bin/../lib/gcc/x86_64-w64-mingw32/11.2.0/../../../../x86_64-w64-mingw32/lib/../lib/libmingw32.a(lib64_libmingw32_a-tlssup.o)
 .rdata$zzz     0x0000000140004700       0x30 D:/ITI_ES/Programs/msys64/mingw64/bin/../lib/gcc/x86_64-w64-mingw32/11.2.0/../../../../x86_64-w64-mingw32/lib/../lib/libmingw32.a(lib64_libmingw32_a-xncommod.o)
 .rdata$zzz     0x0000000140004730       0x30 D:/ITI_ES/Programs/msys64/mingw64/bin/../lib/gcc/x86_64-w64-mingw32/11.2.0/../../../../x86_64-w64-mingw32/lib/../lib/libmingw32.a(lib64_libmingw32_a-cinitexe.o)
 .rdata$zzz     0x0000000140004760       0x30 D:/ITI_ES/Programs/msys64/mingw64/bin/../lib/gcc/x86_64-w64-mingw32/11.2.0/../../../../x86_64-w64-mingw32/lib/../lib/libmingw32.a(lib64_libmingw32_a-merr.o)
 .rdata$zzz     0x0000000140004790       0x30 D:/ITI_ES/Programs/msys64/mingw64/bin/../lib/gcc/x86_64-w64-mingw32/11.2.0/../../../../x86_64-w64-mingw32/lib/../lib/libmingw32.a(lib64_libmingw32_a-CRT_fp10.o)
 .rdata$zzz     0x00000001400047c0       0x30 D:/ITI_ES/Programs/msys64/mingw64/bin/../lib/gcc/x86_64-w64-mingw32/11.2.0/../../../../x86_64-w64-mingw32/lib/../lib/libmingw32.a(lib64_libmingw32_a-mingw_helpers.o)
 .rdata$zzz     0x00000001400047f0       0x30 D:/ITI_ES/Programs/msys64/mingw64/bin/../lib/gcc/x86_64-w64-mingw32/11.2.0/../../../../x86_64-w64-mingw32/lib/../lib/libmingw32.a(lib64_libmingw32_a-pseudo-reloc.o)
 .rdata$zzz     0x0000000140004820       0x30 D:/ITI_ES/Programs/msys64/mingw64/bin/../lib/gcc/x86_64-w64-mingw32/11.2.0/../../../../x86_64-w64-mingw32/lib/../lib/libmingw32.a(lib64_libmingw32_a-usermatherr.o)
 .rdata$zzz     0x0000000140004850       0x30 D:/ITI_ES/Programs/msys64/mingw64/bin/../lib/gcc/x86_64-w64-mingw32/11.2.0/../../../../x86_64-w64-mingw32/lib/../lib/libmingw32.a(lib64_libmingw32_a-xtxtmode.o)
 .rdata$zzz     0x0000000140004880       0x30 D:/ITI_ES/Programs/msys64/mingw64/bin/../lib/gcc/x86_64-w64-mingw32/11.2.0/../../../../x86_64-w64-mingw32/lib/../lib/libmingw32.a(lib64_libmingw32_a-crt_handler.o)
 .rdata$zzz     0x00000001400048b0       0x30 D:/ITI_ES/Programs/msys64/mingw64/bin/../lib/gcc/x86_64-w64-mingw32/11.2.0/../../../../x86_64-w64-mingw32/lib/../lib/libmingw32.a(lib64_libmingw32_a-tlsthrd.o)
 .rdata$zzz     0x00000001400048e0       0x30 D:/ITI_ES/Programs/msys64/mingw64/bin/../lib/gcc/x86_64-w64-mingw32/11.2.0/../../../../x86_64-w64-mingw32/lib/../lib/libmingw32.a(lib64_libmingw32_a-tlsmcrt.o)
 .rdata$zzz     0x0000000140004910       0x30 D:/ITI_ES/Programs/msys64/mingw64/bin/../lib/gcc/x86_64-w64-mingw32/11.2.0/../../../../x86_64-w64-mingw32/lib/../lib/libmingw32.a(lib64_libmingw32_a-pseudo-reloc-list.o)
 .rdata$zzz     0x0000000140004940       0x30 D:/ITI_ES/Programs/msys64/mingw64/bin/../lib/gcc/x86_64-w64-mingw32/11.2.0/../../../../x86_64-w64-mingw32/lib/../lib/libmingw32.a(lib64_libmingw32_a-pesect.o)
 .rdata$zzz     0x0000000140004970       0x30 D:/ITI_ES/Programs/msys64/mingw64/bin/../lib/gcc/x86_64-w64-mingw32/11.2.0/libgcc.a(_ctors.o)
 .rdata$zzz     0x00000001400049a0       0x30 D:/ITI_ES/Programs/msys64/mingw64/bin/../lib/gcc/x86_64-w64-mingw32/11.2.0/../../../../x86_64-w64-mingw32/lib/../lib/libmingwex.a(lib64_libmingwex_a-mingw_matherr.o)
 .rdata$zzz     0x00000001400049d0       0x30 D:/ITI_ES/Programs/msys64/mingw64/bin/../lib/gcc/x86_64-w64-mingw32/11.2.0/../../../../x86_64-w64-mingw32/lib/../lib/libmsvcrt.a(lib64_libmsvcrt_extra_a-__p__fmode.o)
 .rdata$zzz     0x0000000140004a00       0x30 D:/ITI_ES/Programs/msys64/mingw64/bin/../lib/gcc/x86_64-w64-mingw32/11.2.0/../../../../x86_64-w64-mingw32/lib/../lib/libmsvcrt.a(lib64_libmsvcrt_extra_a-__p__commode.o)
 .rdata$zzz     0x0000000140004a30       0x30 D:/ITI_ES/Programs/msys64/mingw64/bin/../lib/gcc/x86_64-w64-mingw32/11.2.0/../../../../x86_64-w64-mingw32/lib/../lib/libmsvcrt.a(lib64_libmsvcrt_extra_a-__p__acmdln.o)
 .rdata$zzz     0x0000000140004a60       0x30 D:/ITI_ES/Programs/msys64/mingw64/bin/../lib/gcc/x86_64-w64-mingw32/11.2.0/../../../../x86_64-w64-mingw32/lib/../lib/libmsvcrt.a(lib64_libmsvcrt_extra_a-invalid_parameter_handler.o)
 .rdata$zzz     0x0000000140004a90       0x30 D:/ITI_ES/Programs/msys64/mingw64/bin/../lib/gcc/x86_64-w64-mingw32/11.2.0/../../../../x86_64-w64-mingw32/lib/../lib/libmsvcrt.a(lib64_libmsvcrt_common_a-acrt_iob_func.o)
 .rdata$zzz     0x0000000140004ac0       0x30 D:/ITI_ES/Programs/msys64/mingw64/bin/../lib/gcc/x86_64-w64-mingw32/11.2.0/crtend.o
                0x0000000140004af0                . = ALIGN (0x4)
                0x0000000140004af0                __rt_psrelocs_start = .
 *(.rdata_runtime_pseudo_reloc)
 .rdata_runtime_pseudo_reloc
                0x0000000140004af0       0x18 rtr000000.o
                0x0000000140004b08                __rt_psrelocs_end = .
                0x0000000000000018                __rt_psrelocs_size = (__rt_psrelocs_end - __rt_psrelocs_start)
                0x0000000140004b08                ___RUNTIME_PSEUDO_RELOC_LIST_END__ = .
                0x0000000140004b08                __RUNTIME_PSEUDO_RELOC_LIST_END__ = .
                0x0000000140004af0                ___RUNTIME_PSEUDO_RELOC_LIST__ = (. - __rt_psrelocs_size)
                0x0000000140004af0                __RUNTIME_PSEUDO_RELOC_LIST__ = (. - __rt_psrelocs_size)

.eh_frame
 *(.eh_frame*)

.pdata          0x0000000140005000      0x400
 *(.pdata*)
 .pdata         0x0000000140005000       0x54 D:/ITI_ES/Programs/msys64/mingw64/bin/../lib/gcc/x86_64-w64-mingw32/11.2.0/../../../../x86_64-w64-mingw32/lib/../lib/crt2.o
 .pdata         0x0000000140005054       0x18 D:/ITI_ES/Programs/msys64/mingw64/bin/../lib/gcc/x86_64-w64-mingw32/11.2.0/crtbegin.o
 .pdata         0x000000014000506c       0x30 C:\Users\mostafa\AppData\Local\Temp\cc0hx89f.o
 .pdata         0x000000014000509c       0x24 D:/ITI_ES/Programs/msys64/mingw64/bin/../lib/gcc/x86_64-w64-mingw32/11.2.0/../../../../x86_64-w64-mingw32/lib/../lib/libmingw32.a(lib64_libmingw32_a-gccmain.o)
 .pdata         0x00000001400050c0        0xc D:/ITI_ES/Programs/msys64/mingw64/bin/../lib/gcc/x86_64-w64-mingw32/11.2.0/../../../../x86_64-w64-mingw32/lib/../lib/libmingw32.a(lib64_libmingw32_a-dllargv.o)
 .pdata         0x00000001400050cc       0x24 D:/ITI_ES/Programs/msys64/mingw64/bin/../lib/gcc/x86_64-w64-mingw32/11.2.0/../../../../x86_64-w64-mingw32/lib/../lib/libmingw32.a(lib64_libmingw32_a-tlssup.o)
 .pdata         0x00000001400050f0        0xc D:/ITI_ES/Programs/msys64/mingw64/bin/../lib/gcc/x86_64-w64-mingw32/11.2.0/../../../../x86_64-w64-mingw32/lib/../lib/libmingw32.a(lib64_libmingw32_a-merr.o)
 .pdata         0x00000001400050fc        0xc D:/ITI_ES/Programs/msys64/mingw64/bin/../lib/gcc/x86_64-w64-mingw32/11.2.0/../../../../x86_64-w64-mingw32/lib/../lib/libmingw32.a(lib64_libmingw32_a-CRT_fp10.o)
 .pdata         0x0000000140005108       0x24 D:/ITI_ES/Programs/msys64/mingw64/bin/../lib/gcc/x86_64-w64-mingw32/11.2.0/../../../../x86_64-w64-mingw32/lib/../lib/libmingw32.a(lib64_libmingw32_a-pseudo-reloc.o)
 .pdata         0x000000014000512c       0x18 D:/ITI_ES/Programs/msys64/mingw64/bin/../lib/gcc/x86_64-w64-mingw32/11.2.0/../../../../x86_64-w64-mingw32/lib/../lib/libmingw32.a(lib64_libmingw32_a-usermatherr.o)
 .pdata         0x0000000140005144        0xc D:/ITI_ES/Programs/msys64/mingw64/bin/../lib/gcc/x86_64-w64-mingw32/11.2.0/../../../../x86_64-w64-mingw32/lib/../lib/libmingw32.a(lib64_libmingw32_a-crt_handler.o)
 .pdata         0x0000000140005150       0x30 D:/ITI_ES/Programs/msys64/mingw64/bin/../lib/gcc/x86_64-w64-mingw32/11.2.0/../../../../x86_64-w64-mingw32/lib/../lib/libmingw32.a(lib64_libmingw32_a-tlsthrd.o)
 .pdata         0x0000000140005180       0x6c D:/ITI_ES/Programs/msys64/mingw64/bin/../lib/gcc/x86_64-w64-mingw32/11.2.0/../../../../x86_64-w64-mingw32/lib/../lib/libmingw32.a(lib64_libmingw32_a-pesect.o)
 .pdata         0x00000001400051ec        0xc D:/ITI_ES/Programs/msys64/mingw64/bin/../lib/gcc/x86_64-w64-mingw32/11.2.0/../../../../x86_64-w64-mingw32/lib/../lib/libmsvcrt.a(lib64_libmsvcrt_extra_a-__p__fmode.o)
 .pdata         0x00000001400051f8        0xc D:/ITI_ES/Programs/msys64/mingw64/bin/../lib/gcc/x86_64-w64-mingw32/11.2.0/../../../../x86_64-w64-mingw32/lib/../lib/libmsvcrt.a(lib64_libmsvcrt_extra_a-__p__commode.o)
 .pdata         0x0000000140005204        0xc D:/ITI_ES/Programs/msys64/mingw64/bin/../lib/gcc/x86_64-w64-mingw32/11.2.0/../../../../x86_64-w64-mingw32/lib/../lib/libmsvcrt.a(lib64_libmsvcrt_extra_a-__p__acmdln.o)
 .pdata         0x0000000140005210       0x18 D:/ITI_ES/Programs/msys64/mingw64/bin/../lib/gcc/x86_64-w64-mingw32/11.2.0/../../../../x86_64-w64-mingw32/lib/../lib/libmsvcrt.a(lib64_libmsvcrt_extra_a-invalid_parameter_handler.o)
 .pdata         0x0000000140005228        0xc D:/ITI_ES/Programs/msys64/mingw64/bin/../lib/gcc/x86_64-w64-mingw32/11.2.0/../../../../x86_64-w64-mingw32/lib/../lib/libmsvcrt.a(lib64_libmsvcrt_common_a-acrt_iob_func.o)
 .pdata.startup
                0x0000000140005234        0xc D:/ITI_ES/Programs/msys64/mingw64/bin/../lib/gcc/x86_64-w64-mingw32/11.2.0/crtend.o

.xdata          0x0000000140006000      0x200
 *(.xdata*)
 .xdata         0x0000000140006000       0x70 D:/ITI_ES/Programs/msys64/mingw64/bin/../lib/gcc/x86_64-w64-mingw32/11.2.0/../../../../x86_64-w64-mingw32/lib/../lib/crt2.o
 .xdata         0x0000000140006070        0x8 D:/ITI_ES/Programs/msys64/mingw64/bin/../lib/gcc/x86_64-w64-mingw32/11.2.0/crtbegin.o
 .xdata         0x0000000140006078       0x48 C:\Users\mostafa\AppData\Local\Temp\cc0hx89f.o
 .xdata         0x00000001400060c0       0x18 D:/ITI_ES/Programs/msys64/mingw64/bin/../lib/gcc/x86_64-w64-mingw32/11.2.0/../../../../x86_64-w64-mingw32/lib/../lib/libmingw32.a(lib64_libmingw32_a-gccmain.o)
 .xdata         0x00000001400060d8        0x4 D:/ITI_ES/Programs/msys64/mingw64/bin/../lib/gcc/x86_64-w64-mingw32/11.2.0/../../../../x86_64-w64-mingw32/lib/../lib/libmingw32.a(lib64_libmingw32_a-dllargv.o)
 .xdata         0x00000001400060dc       0x18 D:/ITI_ES/Programs/msys64/mingw64/bin/../lib/gcc/x86_64-w64-mingw32/11.2.0/../../../../x86_64-w64-mingw32/lib/../lib/libmingw32.a(lib64_libmingw32_a-tlssup.o)
 .xdata         0x00000001400060f4       0x18 D:/ITI_ES/Programs/msys64/mingw64/bin/../lib/gcc/x86_64-w64-mingw32/11.2.0/../../../../x86_64-w64-mingw32/lib/../lib/libmingw32.a(lib64_libmingw32_a-merr.o)
 .xdata         0x000000014000610c        0x4 D:/ITI_ES/Programs/msys64/mingw64/bin/../lib/gcc/x86_64-w64-mingw32/11.2.0/../../../../x86_64-w64-mingw32/lib/../lib/libmingw32.a(lib64_libmingw32_a-CRT_fp10.o)
 .xdata         0x0000000140006110       0x30 D:/ITI_ES/Programs/msys64/mingw64/bin/../lib/gcc/x86_64-w64-mingw32/11.2.0/../../../../x86_64-w64-mingw32/lib/../lib/libmingw32.a(lib64_libmingw32_a-pseudo-reloc.o)
 .xdata         0x0000000140006140        0xc D:/ITI_ES/Programs/msys64/mingw64/bin/../lib/gcc/x86_64-w64-mingw32/11.2.0/../../../../x86_64-w64-mingw32/lib/../lib/libmingw32.a(lib64_libmingw32_a-usermatherr.o)
 .xdata         0x000000014000614c        0x8 D:/ITI_ES/Programs/msys64/mingw64/bin/../lib/gcc/x86_64-w64-mingw32/11.2.0/../../../../x86_64-w64-mingw32/lib/../lib/libmingw32.a(lib64_libmingw32_a-crt_handler.o)
 .xdata         0x0000000140006154       0x34 D:/ITI_ES/Programs/msys64/mingw64/bin/../lib/gcc/x86_64-w64-mingw32/11.2.0/../../../../x86_64-w64-mingw32/lib/../lib/libmingw32.a(lib64_libmingw32_a-tlsthrd.o)
 .xdata         0x0000000140006188       0x2c D:/ITI_ES/Programs/msys64/mingw64/bin/../lib/gcc/x86_64-w64-mingw32/11.2.0/../../../../x86_64-w64-mingw32/lib/../lib/libmingw32.a(lib64_libmingw32_a-pesect.o)
 .xdata         0x00000001400061b4        0x4 D:/ITI_ES/Programs/msys64/mingw64/bin/../lib/gcc/x86_64-w64-mingw32/11.2.0/../../../../x86_64-w64-mingw32/lib/../lib/libmsvcrt.a(lib64_libmsvcrt_extra_a-__p__fmode.o)
 .xdata         0x00000001400061b8        0x4 D:/ITI_ES/Programs/msys64/mingw64/bin/../lib/gcc/x86_64-w64-mingw32/11.2.0/../../../../x86_64-w64-mingw32/lib/../lib/libmsvcrt.a(lib64_libmsvcrt_extra_a-__p__commode.o)
 .xdata         0x00000001400061bc        0x4 D:/ITI_ES/Programs/msys64/mingw64/bin/../lib/gcc/x86_64-w64-mingw32/11.2.0/../../../../x86_64-w64-mingw32/lib/../lib/libmsvcrt.a(lib64_libmsvcrt_extra_a-__p__acmdln.o)
 .xdata         0x00000001400061c0        0x8 D:/ITI_ES/Programs/msys64/mingw64/bin/../lib/gcc/x86_64-w64-mingw32/11.2.0/../../../../x86_64-w64-mingw32/lib/../lib/libmsvcrt.a(lib64_libmsvcrt_extra_a-invalid_parameter_handler.o)
 .xdata         0x00000001400061c8        0x8 D:/ITI_ES/Programs/msys64/mingw64/bin/../lib/gcc/x86_64-w64-mingw32/11.2.0/../../../../x86_64-w64-mingw32/lib/../lib/libmsvcrt.a(lib64_libmsvcrt_common_a-acrt_iob_func.o)
 .xdata.startup
                0x00000001400061d0        0x4 D:/ITI_ES/Programs/msys64/mingw64/bin/../lib/gcc/x86_64-w64-mingw32/11.2.0/crtend.o

.bss            0x0000000140007000      0x1a0
                0x0000000140007000                __bss_start__ = .
 *(.bss)
 .bss           0x0000000140007000       0x40 D:/ITI_ES/Programs/msys64/mingw64/bin/../lib/gcc/x86_64-w64-mingw32/11.2.0/../../../../x86_64-w64-mingw32/lib/../lib/crt2.o
                0x0000000140007000                __mingw_module_is_dll
                0x0000000140007008                __mingw_winmain_lpCmdLine
                0x0000000140007010                __mingw_winmain_hInstance
 .bss           0x0000000140007040        0x0 D:/ITI_ES/Programs/msys64/mingw64/bin/../lib/gcc/x86_64-w64-mingw32/11.2.0/crtbegin.o
 .bss           0x0000000140007040        0x0 C:\Users\mostafa\AppData\Local\Temp\ccgSqLHZ.o
 .bss           0x0000000140007040       0x10 C:\Users\mostafa\AppData\Local\Temp\cc0hx89f.o
 .bss           0x0000000140007050       0x10 D:/ITI_ES/Programs/msys64/mingw64/bin/../lib/gcc/x86_64-w64-mingw32/11.2.0/../../../../x86_64-w64-mingw32/lib/../lib/libmingw32.a(lib64_libmingw32_a-gccmain.o)
 .bss           0x0000000140007060       0x10 D:/ITI_ES/Programs/msys64/mingw64/bin/../lib/gcc/x86_64-w64-mingw32/11.2.0/../../../../x86_64-w64-mingw32/lib/../lib/libmingw32.a(lib64_libmingw32_a-natstart.o)
                0x0000000140007060                __native_startup_lock
                0x0000000140007068                __native_startup_state
 .bss           0x0000000140007070        0x0 D:/ITI_ES/Programs/msys64/mingw64/bin/../lib/gcc/x86_64-w64-mingw32/11.2.0/../../../../x86_64-w64-mingw32/lib/../lib/libmingw32.a(lib64_libmingw32_a-wildcard.o)
 .bss           0x0000000140007070        0x0 D:/ITI_ES/Programs/msys64/mingw64/bin/../lib/gcc/x86_64-w64-mingw32/11.2.0/../../../../x86_64-w64-mingw32/lib/../lib/libmingw32.a(lib64_libmingw32_a-dllargv.o)
 .bss           0x0000000140007070       0x10 D:/ITI_ES/Programs/msys64/mingw64/bin/../lib/gcc/x86_64-w64-mingw32/11.2.0/../../../../x86_64-w64-mingw32/lib/../lib/libmingw32.a(lib64_libmingw32_a-_newmode.o)
                0x0000000140007070                _newmode
 .bss           0x0000000140007080       0x10 D:/ITI_ES/Programs/msys64/mingw64/bin/../lib/gcc/x86_64-w64-mingw32/11.2.0/../../../../x86_64-w64-mingw32/lib/../lib/libmingw32.a(lib64_libmingw32_a-tlssup.o)
                0x0000000140007080                __mingw_initltssuo_force
                0x0000000140007084                __mingw_initltsdyn_force
                0x0000000140007088                __mingw_initltsdrot_force
                0x000000014000708c                _tls_index
 .bss           0x0000000140007090       0x10 D:/ITI_ES/Programs/msys64/mingw64/bin/../lib/gcc/x86_64-w64-mingw32/11.2.0/../../../../x86_64-w64-mingw32/lib/../lib/libmingw32.a(lib64_libmingw32_a-xncommod.o)
                0x0000000140007090                _commode
 .bss           0x00000001400070a0        0x0 D:/ITI_ES/Programs/msys64/mingw64/bin/../lib/gcc/x86_64-w64-mingw32/11.2.0/../../../../x86_64-w64-mingw32/lib/../lib/libmingw32.a(lib64_libmingw32_a-cinitexe.o)
 .bss           0x00000001400070a0        0x0 D:/ITI_ES/Programs/msys64/mingw64/bin/../lib/gcc/x86_64-w64-mingw32/11.2.0/../../../../x86_64-w64-mingw32/lib/../lib/libmingw32.a(lib64_libmingw32_a-merr.o)
 .bss           0x00000001400070a0        0x0 D:/ITI_ES/Programs/msys64/mingw64/bin/../lib/gcc/x86_64-w64-mingw32/11.2.0/../../../../x86_64-w64-mingw32/lib/../lib/libmingw32.a(lib64_libmingw32_a-CRT_fp10.o)
 .bss           0x00000001400070a0       0x10 D:/ITI_ES/Programs/msys64/mingw64/bin/../lib/gcc/x86_64-w64-mingw32/11.2.0/../../../../x86_64-w64-mingw32/lib/../lib/libmingw32.a(lib64_libmingw32_a-mingw_helpers.o)
                0x00000001400070a0                __mingw_app_type
 .bss           0x00000001400070b0       0x10 D:/ITI_ES/Programs/msys64/mingw64/bin/../lib/gcc/x86_64-w64-mingw32/11.2.0/../../../../x86_64-w64-mingw32/lib/../lib/libmingw32.a(lib64_libmingw32_a-pseudo-reloc.o)
 .bss           0x00000001400070c0       0x10 D:/ITI_ES/Programs/msys64/mingw64/bin/../lib/gcc/x86_64-w64-mingw32/11.2.0/../../../../x86_64-w64-mingw32/lib/../lib/libmingw32.a(lib64_libmingw32_a-usermatherr.o)
 .bss           0x00000001400070d0       0x10 D:/ITI_ES/Programs/msys64/mingw64/bin/../lib/gcc/x86_64-w64-mingw32/11.2.0/../../../../x86_64-w64-mingw32/lib/../lib/libmingw32.a(lib64_libmingw32_a-xtxtmode.o)
                0x00000001400070d0                _fmode
 .bss           0x00000001400070e0       0x10 D:/ITI_ES/Programs/msys64/mingw64/bin/../lib/gcc/x86_64-w64-mingw32/11.2.0/../../../../x86_64-w64-mingw32/lib/../lib/libmingw32.a(lib64_libmingw32_a-crt_handler.o)
                0x00000001400070e0                __mingw_oldexcpt_handler
 *fill*         0x00000001400070f0       0x10 
 .bss           0x0000000140007100       0x60 D:/ITI_ES/Programs/msys64/mingw64/bin/../lib/gcc/x86_64-w64-mingw32/11.2.0/../../../../x86_64-w64-mingw32/lib/../lib/libmingw32.a(lib64_libmingw32_a-tlsthrd.o)
 .bss           0x0000000140007160        0x0 D:/ITI_ES/Programs/msys64/mingw64/bin/../lib/gcc/x86_64-w64-mingw32/11.2.0/../../../../x86_64-w64-mingw32/lib/../lib/libmingw32.a(lib64_libmingw32_a-tlsmcrt.o)
 .bss           0x0000000140007160       0x10 D:/ITI_ES/Programs/msys64/mingw64/bin/../lib/gcc/x86_64-w64-mingw32/11.2.0/../../../../x86_64-w64-mingw32/lib/../lib/libmingw32.a(lib64_libmingw32_a-pseudo-reloc-list.o)
 .bss           0x0000000140007170        0x0 D:/ITI_ES/Programs/msys64/mingw64/bin/../lib/gcc/x86_64-w64-mingw32/11.2.0/../../../../x86_64-w64-mingw32/lib/../lib/libmingw32.a(lib64_libmingw32_a-pesect.o)
 .bss           0x0000000140007170        0x0 D:/ITI_ES/Programs/msys64/mingw64/bin/../lib/gcc/x86_64-w64-mingw32/11.2.0/libgcc.a(_chkstk_ms.o)
 .bss           0x0000000140007170       0x20 D:/ITI_ES/Programs/msys64/mingw64/bin/../lib/gcc/x86_64-w64-mingw32/11.2.0/libgcc.a(_ctors.o)
 .bss           0x0000000140007190        0x0 D:/ITI_ES/Programs/msys64/mingw64/bin/../lib/gcc/x86_64-w64-mingw32/11.2.0/../../../../x86_64-w64-mingw32/lib/../lib/libmingwex.a(lib64_libmingwex_a-mingw_matherr.o)
 .bss           0x0000000140007190        0x0 D:/ITI_ES/Programs/msys64/mingw64/bin/../lib/gcc/x86_64-w64-mingw32/11.2.0/../../../../x86_64-w64-mingw32/lib/../lib/libmsvcrt.a(lib64_libmsvcrt_extra_a-__p__fmode.o)
 .bss           0x0000000140007190        0x0 D:/ITI_ES/Programs/msys64/mingw64/bin/../lib/gcc/x86_64-w64-mingw32/11.2.0/../../../../x86_64-w64-mingw32/lib/../lib/libmsvcrt.a(lib64_libmsvcrt_extra_a-__p__commode.o)
 .bss           0x0000000140007190        0x0 D:/ITI_ES/Programs/msys64/mingw64/bin/../lib/gcc/x86_64-w64-mingw32/11.2.0/../../../../x86_64-w64-mingw32/lib/../lib/libmsvcrt.a(lib64_libmsvcrt_extra_a-__p__acmdln.o)
 .bss           0x0000000140007190       0x10 D:/ITI_ES/Programs/msys64/mingw64/bin/../lib/gcc/x86_64-w64-mingw32/11.2.0/../../../../x86_64-w64-mingw32/lib/../lib/libmsvcrt.a(lib64_libmsvcrt_extra_a-invalid_parameter_handler.o)
 .bss           0x00000001400071a0        0x0 D:/ITI_ES/Programs/msys64/mingw64/bin/../lib/gcc/x86_64-w64-mingw32/11.2.0/../../../../x86_64-w64-mingw32/lib/../lib/libmsvcrt.a(lib64_libmsvcrt_common_a-acrt_iob_func.o)
 .bss           0x00000001400071a0        0x0 D:/ITI_ES/Programs/msys64/mingw64/bin/../lib/gcc/x86_64-w64-mingw32/11.2.0/../../../../x86_64-w64-mingw32/lib/../lib/libmsvcrt.a(libmsvcrt_defs00055.o)
 .bss           0x00000001400071a0        0x0 D:/ITI_ES/Programs/msys64/mingw64/bin/../lib/gcc/x86_64-w64-mingw32/11.2.0/../../../../x86_64-w64-mingw32/lib/../lib/libmsvcrt.a(libmsvcrt_defs00081.o)
 .bss           0x00000001400071a0        0x0 D:/ITI_ES/Programs/msys64/mingw64/bin/../lib/gcc/x86_64-w64-mingw32/11.2.0/../../../../x86_64-w64-mingw32/lib/../lib/libmsvcrt.a(libmsvcrt_defs00082.o)
 .bss           0x00000001400071a0        0x0 D:/ITI_ES/Programs/msys64/mingw64/bin/../lib/gcc/x86_64-w64-mingw32/11.2.0/../../../../x86_64-w64-mingw32/lib/../lib/libmsvcrt.a(libmsvcrt_defs00083.o)
 .bss           0x00000001400071a0        0x0 D:/ITI_ES/Programs/msys64/mingw64/bin/../lib/gcc/x86_64-w64-mingw32/11.2.0/../../../../x86_64-w64-mingw32/lib/../lib/libmsvcrt.a(libmsvcrt_defs00097.o)
 .bss           0x00000001400071a0        0x0 D:/ITI_ES/Programs/msys64/mingw64/bin/../lib/gcc/x86_64-w64-mingw32/11.2.0/../../../../x86_64-w64-mingw32/lib/../lib/libmsvcrt.a(libmsvcrt_defs00099.o)
 .bss           0x00000001400071a0        0x0 D:/ITI_ES/Programs/msys64/mingw64/bin/../lib/gcc/x86_64-w64-mingw32/11.2.0/../../../../x86_64-w64-mingw32/lib/../lib/libmsvcrt.a(libmsvcrt_defs00116.o)
 .bss           0x00000001400071a0        0x0 D:/ITI_ES/Programs/msys64/mingw64/bin/../lib/gcc/x86_64-w64-mingw32/11.2.0/../../../../x86_64-w64-mingw32/lib/../lib/libmsvcrt.a(libmsvcrt_defs00123.o)
 .bss           0x00000001400071a0        0x0 D:/ITI_ES/Programs/msys64/mingw64/bin/../lib/gcc/x86_64-w64-mingw32/11.2.0/../../../../x86_64-w64-mingw32/lib/../lib/libmsvcrt.a(libmsvcrt_defs00141.o)
 .bss           0x00000001400071a0        0x0 D:/ITI_ES/Programs/msys64/mingw64/bin/../lib/gcc/x86_64-w64-mingw32/11.2.0/../../../../x86_64-w64-mingw32/lib/../lib/libmsvcrt.a(libmsvcrt_defs00157.o)
 .bss           0x00000001400071a0        0x0 D:/ITI_ES/Programs/msys64/mingw64/bin/../lib/gcc/x86_64-w64-mingw32/11.2.0/../../../../x86_64-w64-mingw32/lib/../lib/libmsvcrt.a(libmsvcrt_defs00254.o)
 .bss           0x00000001400071a0        0x0 D:/ITI_ES/Programs/msys64/mingw64/bin/../lib/gcc/x86_64-w64-mingw32/11.2.0/../../../../x86_64-w64-mingw32/lib/../lib/libmsvcrt.a(libmsvcrt_defs00332.o)
 .bss           0x00000001400071a0        0x0 D:/ITI_ES/Programs/msys64/mingw64/bin/../lib/gcc/x86_64-w64-mingw32/11.2.0/../../../../x86_64-w64-mingw32/lib/../lib/libmsvcrt.a(libmsvcrt_defs00614.o)
 .bss           0x00000001400071a0        0x0 D:/ITI_ES/Programs/msys64/mingw64/bin/../lib/gcc/x86_64-w64-mingw32/11.2.0/../../../../x86_64-w64-mingw32/lib/../lib/libmsvcrt.a(libmsvcrt_defs01038.o)
 .bss           0x00000001400071a0        0x0 D:/ITI_ES/Programs/msys64/mingw64/bin/../lib/gcc/x86_64-w64-mingw32/11.2.0/../../../../x86_64-w64-mingw32/lib/../lib/libmsvcrt.a(libmsvcrt_defs01056.o)
 .bss           0x00000001400071a0        0x0 D:/ITI_ES/Programs/msys64/mingw64/bin/../lib/gcc/x86_64-w64-mingw32/11.2.0/../../../../x86_64-w64-mingw32/lib/../lib/libmsvcrt.a(libmsvcrt_defs01069.o)
 .bss           0x00000001400071a0        0x0 D:/ITI_ES/Programs/msys64/mingw64/bin/../lib/gcc/x86_64-w64-mingw32/11.2.0/../../../../x86_64-w64-mingw32/lib/../lib/libmsvcrt.a(libmsvcrt_defs01090.o)
 .bss           0x00000001400071a0        0x0 D:/ITI_ES/Programs/msys64/mingw64/bin/../lib/gcc/x86_64-w64-mingw32/11.2.0/../../../../x86_64-w64-mingw32/lib/../lib/libmsvcrt.a(libmsvcrt_defs01097.o)
 .bss           0x00000001400071a0        0x0 D:/ITI_ES/Programs/msys64/mingw64/bin/../lib/gcc/x86_64-w64-mingw32/11.2.0/../../../../x86_64-w64-mingw32/lib/../lib/libmsvcrt.a(libmsvcrt_defs01110.o)
 .bss           0x00000001400071a0        0x0 D:/ITI_ES/Programs/msys64/mingw64/bin/../lib/gcc/x86_64-w64-mingw32/11.2.0/../../../../x86_64-w64-mingw32/lib/../lib/libmsvcrt.a(libmsvcrt_defs01158.o)
 .bss           0x00000001400071a0        0x0 D:/ITI_ES/Programs/msys64/mingw64/bin/../lib/gcc/x86_64-w64-mingw32/11.2.0/../../../../x86_64-w64-mingw32/lib/../lib/libmsvcrt.a(libmsvcrt_defs01166.o)
 .bss           0x00000001400071a0        0x0 D:/ITI_ES/Programs/msys64/mingw64/bin/../lib/gcc/x86_64-w64-mingw32/11.2.0/../../../../x86_64-w64-mingw32/lib/../lib/libmsvcrt.a(libmsvcrt_defs01198.o)
 .bss           0x00000001400071a0        0x0 D:/ITI_ES/Programs/msys64/mingw64/bin/../lib/gcc/x86_64-w64-mingw32/11.2.0/../../../../x86_64-w64-mingw32/lib/../lib/libmsvcrt.a(libmsvcrt_defs01221.o)
 .bss           0x00000001400071a0        0x0 D:/ITI_ES/Programs/msys64/mingw64/bin/../lib/gcc/x86_64-w64-mingw32/11.2.0/../../../../x86_64-w64-mingw32/lib/../lib/libmsvcrt.a(libmsvcrt_defs01224.o)
 .bss           0x00000001400071a0        0x0 D:/ITI_ES/Programs/msys64/mingw64/bin/../lib/gcc/x86_64-w64-mingw32/11.2.0/../../../../x86_64-w64-mingw32/lib/../lib/libmsvcrt.a(libmsvcrt_defs01259.o)
 .bss           0x00000001400071a0        0x0 D:/ITI_ES/Programs/msys64/mingw64/bin/../lib/gcc/x86_64-w64-mingw32/11.2.0/../../../../x86_64-w64-mingw32/lib/../lib/libmsvcrt.a(libmsvcrt_defh.o)
 .bss           0x00000001400071a0        0x0 D:/ITI_ES/Programs/msys64/mingw64/bin/../lib/gcc/x86_64-w64-mingw32/11.2.0/../../../../x86_64-w64-mingw32/lib/../lib/libmsvcrt.a(libmsvcrt_deft.o)
 .bss           0x00000001400071a0        0x0 D:/ITI_ES/Programs/msys64/mingw64/bin/../lib/gcc/x86_64-w64-mingw32/11.2.0/../../../../x86_64-w64-mingw32/lib/../lib/libkernel32.a(libkernel32s01493.o)
 .bss           0x00000001400071a0        0x0 D:/ITI_ES/Programs/msys64/mingw64/bin/../lib/gcc/x86_64-w64-mingw32/11.2.0/../../../../x86_64-w64-mingw32/lib/../lib/libkernel32.a(libkernel32s01491.o)
 .bss           0x00000001400071a0        0x0 D:/ITI_ES/Programs/msys64/mingw64/bin/../lib/gcc/x86_64-w64-mingw32/11.2.0/../../../../x86_64-w64-mingw32/lib/../lib/libkernel32.a(libkernel32s01444.o)
 .bss           0x00000001400071a0        0x0 D:/ITI_ES/Programs/msys64/mingw64/bin/../lib/gcc/x86_64-w64-mingw32/11.2.0/../../../../x86_64-w64-mingw32/lib/../lib/libkernel32.a(libkernel32s01409.o)
 .bss           0x00000001400071a0        0x0 D:/ITI_ES/Programs/msys64/mingw64/bin/../lib/gcc/x86_64-w64-mingw32/11.2.0/../../../../x86_64-w64-mingw32/lib/../lib/libkernel32.a(libkernel32s01393.o)
 .bss           0x00000001400071a0        0x0 D:/ITI_ES/Programs/msys64/mingw64/bin/../lib/gcc/x86_64-w64-mingw32/11.2.0/../../../../x86_64-w64-mingw32/lib/../lib/libkernel32.a(libkernel32s00983.o)
 .bss           0x00000001400071a0        0x0 D:/ITI_ES/Programs/msys64/mingw64/bin/../lib/gcc/x86_64-w64-mingw32/11.2.0/../../../../x86_64-w64-mingw32/lib/../lib/libkernel32.a(libkernel32s00891.o)
 .bss           0x00000001400071a0        0x0 D:/ITI_ES/Programs/msys64/mingw64/bin/../lib/gcc/x86_64-w64-mingw32/11.2.0/../../../../x86_64-w64-mingw32/lib/../lib/libkernel32.a(libkernel32s00742.o)
 .bss           0x00000001400071a0        0x0 D:/ITI_ES/Programs/msys64/mingw64/bin/../lib/gcc/x86_64-w64-mingw32/11.2.0/../../../../x86_64-w64-mingw32/lib/../lib/libkernel32.a(libkernel32s00629.o)
 .bss           0x00000001400071a0        0x0 D:/ITI_ES/Programs/msys64/mingw64/bin/../lib/gcc/x86_64-w64-mingw32/11.2.0/../../../../x86_64-w64-mingw32/lib/../lib/libkernel32.a(libkernel32s00318.o)
 .bss           0x00000001400071a0        0x0 D:/ITI_ES/Programs/msys64/mingw64/bin/../lib/gcc/x86_64-w64-mingw32/11.2.0/../../../../x86_64-w64-mingw32/lib/../lib/libkernel32.a(libkernel32s00282.o)
 .bss           0x00000001400071a0        0x0 D:/ITI_ES/Programs/msys64/mingw64/bin/../lib/gcc/x86_64-w64-mingw32/11.2.0/../../../../x86_64-w64-mingw32/lib/../lib/libkernel32.a(libkernel32h.o)
 .bss           0x00000001400071a0        0x0 D:/ITI_ES/Programs/msys64/mingw64/bin/../lib/gcc/x86_64-w64-mingw32/11.2.0/../../../../x86_64-w64-mingw32/lib/../lib/libkernel32.a(libkernel32t.o)
 .bss           0x00000001400071a0        0x0 D:/ITI_ES/Programs/msys64/mingw64/bin/../lib/gcc/x86_64-w64-mingw32/11.2.0/crtend.o
 *(COMMON)
                0x00000001400071a0                __bss_end__ = .

.edata
 *(.edata)

/DISCARD/
 *(.debug$S)
 *(.debug$T)
 *(.debug$F)
 *(.drectve)
 *(.note.GNU-stack)
 *(.gnu.lto_*)

.idata          0x0000000140008000      0x800
 SORT_BY_NAME(*)(.idata$2)
 .idata$2       0x0000000140008000       0x14 D:/ITI_ES/Programs/msys64/mingw64/bin/../lib/gcc/x86_64-w64-mingw32/11.2.0/../../../../x86_64-w64-mingw32/lib/../lib/libkernel32.a(libkernel32h.o)
                0x0000000140008000                _head_lib64_libkernel32_a
 .idata$2       0x0000000140008014       0x14 D:/ITI_ES/Programs/msys64/mingw64/bin/../lib/gcc/x86_64-w64-mingw32/11.2.0/../../../../x86_64-w64-mingw32/lib/../lib/libmsvcrt.a(libmsvcrt_defh.o)
                0x0000000140008014                _head_lib64_libmsvcrt_def_a
 .idata$2       0x0000000140008028       0x14 D:/ITI_ES/Programs/msys64/mingw64/bin/../lib/gcc/x86_64-w64-mingw32/11.2.0/libgcc_s.a(d000000.o)
                0x0000000140008028                _head_libgcc_s_seh_1_dll
 .idata$2       0x000000014000803c       0x14 D:/ITI_ES/Programs/msys64/mingw64/bin/../lib/gcc/x86_64-w64-mingw32/11.2.0/libstdc++.dll.a(d000000.o)
                0x000000014000803c                _head_libstdc___6_dll
 SORT_BY_NAME(*)(.idata$3)
                0x0000000140008050        0x4 LONG 0x0
                0x0000000140008054        0x4 LONG 0x0
                0x0000000140008058        0x4 LONG 0x0
                0x000000014000805c        0x4 LONG 0x0
                0x0000000140008060        0x4 LONG 0x0
 SORT_BY_NAME(*)(.idata$4)
 .idata$4       0x0000000140008064        0x0 D:/ITI_ES/Programs/msys64/mingw64/bin/../lib/gcc/x86_64-w64-mingw32/11.2.0/../../../../x86_64-w64-mingw32/lib/../lib/libkernel32.a(libkernel32h.o)
 .idata$4       0x0000000140008064        0x8 D:/ITI_ES/Programs/msys64/mingw64/bin/../lib/gcc/x86_64-w64-mingw32/11.2.0/../../../../x86_64-w64-mingw32/lib/../lib/libkernel32.a(libkernel32s00282.o)
 .idata$4       0x000000014000806c        0x8 D:/ITI_ES/Programs/msys64/mingw64/bin/../lib/gcc/x86_64-w64-mingw32/11.2.0/../../../../x86_64-w64-mingw32/lib/../lib/libkernel32.a(libkernel32s00318.o)
 .idata$4       0x0000000140008074        0x8 D:/ITI_ES/Programs/msys64/mingw64/bin/../lib/gcc/x86_64-w64-mingw32/11.2.0/../../../../x86_64-w64-mingw32/lib/../lib/libkernel32.a(libkernel32s00629.o)
 .idata$4       0x000000014000807c        0x8 D:/ITI_ES/Programs/msys64/mingw64/bin/../lib/gcc/x86_64-w64-mingw32/11.2.0/../../../../x86_64-w64-mingw32/lib/../lib/libkernel32.a(libkernel32s00742.o)
 .idata$4       0x0000000140008084        0x8 D:/ITI_ES/Programs/msys64/mingw64/bin/../lib/gcc/x86_64-w64-mingw32/11.2.0/../../../../x86_64-w64-mingw32/lib/../lib/libkernel32.a(libkernel32s00891.o)
 .idata$4       0x000000014000808c        0x8 D:/ITI_ES/Programs/msys64/mingw64/bin/../lib/gcc/x86_64-w64-mingw32/11.2.0/../../../../x86_64-w64-mingw32/lib/../lib/libkernel32.a(libkernel32s00983.o)
 .idata$4       0x0000000140008094        0x8 D:/ITI_ES/Programs/msys64/mingw64/bin/../lib/gcc/x86_64-w64-mingw32/11.2.0/../../../../x86_64-w64-mingw32/lib/../lib/libkernel32.a(libkernel32s01393.o)
 .idata$4       0x000000014000809c        0x8 D:/ITI_ES/Programs/msys64/mingw64/bin/../lib/gcc/x86_64-w64-mingw32/11.2.0/../../../../x86_64-w64-mingw32/lib/../lib/libkernel32.a(libkernel32s01409.o)
 .idata$4       0x00000001400080a4        0x8 D:/ITI_ES/Programs/msys64/mingw64/bin/../lib/gcc/x86_64-w64-mingw32/11.2.0/../../../../x86_64-w64-mingw32/lib/../lib/libkernel32.a(libkernel32s01444.o)
 .idata$4       0x00000001400080ac        0x8 D:/ITI_ES/Programs/msys64/mingw64/bin/../lib/gcc/x86_64-w64-mingw32/11.2.0/../../../../x86_64-w64-mingw32/lib/../lib/libkernel32.a(libkernel32s01491.o)
 .idata$4       0x00000001400080b4        0x8 D:/ITI_ES/Programs/msys64/mingw64/bin/../lib/gcc/x86_64-w64-mingw32/11.2.0/../../../../x86_64-w64-mingw32/lib/../lib/libkernel32.a(libkernel32s01493.o)
 .idata$4       0x00000001400080bc        0x8 D:/ITI_ES/Programs/msys64/mingw64/bin/../lib/gcc/x86_64-w64-mingw32/11.2.0/../../../../x86_64-w64-mingw32/lib/../lib/libkernel32.a(libkernel32t.o)
 .idata$4       0x00000001400080c4        0x0 D:/ITI_ES/Programs/msys64/mingw64/bin/../lib/gcc/x86_64-w64-mingw32/11.2.0/../../../../x86_64-w64-mingw32/lib/../lib/libmsvcrt.a(libmsvcrt_defh.o)
 .idata$4       0x00000001400080c4        0x8 D:/ITI_ES/Programs/msys64/mingw64/bin/../lib/gcc/x86_64-w64-mingw32/11.2.0/../../../../x86_64-w64-mingw32/lib/../lib/libmsvcrt.a(libmsvcrt_defs00055.o)
 .idata$4       0x00000001400080cc        0x8 D:/ITI_ES/Programs/msys64/mingw64/bin/../lib/gcc/x86_64-w64-mingw32/11.2.0/../../../../x86_64-w64-mingw32/lib/../lib/libmsvcrt.a(libmsvcrt_defs00081.o)
 .idata$4       0x00000001400080d4        0x8 D:/ITI_ES/Programs/msys64/mingw64/bin/../lib/gcc/x86_64-w64-mingw32/11.2.0/../../../../x86_64-w64-mingw32/lib/../lib/libmsvcrt.a(libmsvcrt_defs00082.o)
 .idata$4       0x00000001400080dc        0x8 D:/ITI_ES/Programs/msys64/mingw64/bin/../lib/gcc/x86_64-w64-mingw32/11.2.0/../../../../x86_64-w64-mingw32/lib/../lib/libmsvcrt.a(libmsvcrt_defs00083.o)
 .idata$4       0x00000001400080e4        0x8 D:/ITI_ES/Programs/msys64/mingw64/bin/../lib/gcc/x86_64-w64-mingw32/11.2.0/../../../../x86_64-w64-mingw32/lib/../lib/libmsvcrt.a(libmsvcrt_defs00097.o)
 .idata$4       0x00000001400080ec        0x8 D:/ITI_ES/Programs/msys64/mingw64/bin/../lib/gcc/x86_64-w64-mingw32/11.2.0/../../../../x86_64-w64-mingw32/lib/../lib/libmsvcrt.a(libmsvcrt_defs00099.o)
 .idata$4       0x00000001400080f4        0x8 D:/ITI_ES/Programs/msys64/mingw64/bin/../lib/gcc/x86_64-w64-mingw32/11.2.0/../../../../x86_64-w64-mingw32/lib/../lib/libmsvcrt.a(libmsvcrt_defs00116.o)
 .idata$4       0x00000001400080fc        0x8 D:/ITI_ES/Programs/msys64/mingw64/bin/../lib/gcc/x86_64-w64-mingw32/11.2.0/../../../../x86_64-w64-mingw32/lib/../lib/libmsvcrt.a(libmsvcrt_defs00123.o)
 .idata$4       0x0000000140008104        0x8 D:/ITI_ES/Programs/msys64/mingw64/bin/../lib/gcc/x86_64-w64-mingw32/11.2.0/../../../../x86_64-w64-mingw32/lib/../lib/libmsvcrt.a(libmsvcrt_defs00141.o)
 .idata$4       0x000000014000810c        0x8 D:/ITI_ES/Programs/msys64/mingw64/bin/../lib/gcc/x86_64-w64-mingw32/11.2.0/../../../../x86_64-w64-mingw32/lib/../lib/libmsvcrt.a(libmsvcrt_defs00157.o)
 .idata$4       0x0000000140008114        0x8 D:/ITI_ES/Programs/msys64/mingw64/bin/../lib/gcc/x86_64-w64-mingw32/11.2.0/../../../../x86_64-w64-mingw32/lib/../lib/libmsvcrt.a(libmsvcrt_defs00254.o)
 .idata$4       0x000000014000811c        0x8 D:/ITI_ES/Programs/msys64/mingw64/bin/../lib/gcc/x86_64-w64-mingw32/11.2.0/../../../../x86_64-w64-mingw32/lib/../lib/libmsvcrt.a(libmsvcrt_defs00332.o)
 .idata$4       0x0000000140008124        0x8 D:/ITI_ES/Programs/msys64/mingw64/bin/../lib/gcc/x86_64-w64-mingw32/11.2.0/../../../../x86_64-w64-mingw32/lib/../lib/libmsvcrt.a(libmsvcrt_defs00614.o)
 .idata$4       0x000000014000812c        0x8 D:/ITI_ES/Programs/msys64/mingw64/bin/../lib/gcc/x86_64-w64-mingw32/11.2.0/../../../../x86_64-w64-mingw32/lib/../lib/libmsvcrt.a(libmsvcrt_defs01038.o)
 .idata$4       0x0000000140008134        0x8 D:/ITI_ES/Programs/msys64/mingw64/bin/../lib/gcc/x86_64-w64-mingw32/11.2.0/../../../../x86_64-w64-mingw32/lib/../lib/libmsvcrt.a(libmsvcrt_defs01056.o)
 .idata$4       0x000000014000813c        0x8 D:/ITI_ES/Programs/msys64/mingw64/bin/../lib/gcc/x86_64-w64-mingw32/11.2.0/../../../../x86_64-w64-mingw32/lib/../lib/libmsvcrt.a(libmsvcrt_defs01069.o)
 .idata$4       0x0000000140008144        0x8 D:/ITI_ES/Programs/msys64/mingw64/bin/../lib/gcc/x86_64-w64-mingw32/11.2.0/../../../../x86_64-w64-mingw32/lib/../lib/libmsvcrt.a(libmsvcrt_defs01090.o)
 .idata$4       0x000000014000814c        0x8 D:/ITI_ES/Programs/msys64/mingw64/bin/../lib/gcc/x86_64-w64-mingw32/11.2.0/../../../../x86_64-w64-mingw32/lib/../lib/libmsvcrt.a(libmsvcrt_defs01097.o)
 .idata$4       0x0000000140008154        0x8 D:/ITI_ES/Programs/msys64/mingw64/bin/../lib/gcc/x86_64-w64-mingw32/11.2.0/../../../../x86_64-w64-mingw32/lib/../lib/libmsvcrt.a(libmsvcrt_defs01110.o)
 .idata$4       0x000000014000815c        0x8 D:/ITI_ES/Programs/msys64/mingw64/bin/../lib/gcc/x86_64-w64-mingw32/11.2.0/../../../../x86_64-w64-mingw32/lib/../lib/libmsvcrt.a(libmsvcrt_defs01158.o)
 .idata$4       0x0000000140008164        0x8 D:/ITI_ES/Programs/msys64/mingw64/bin/../lib/gcc/x86_64-w64-mingw32/11.2.0/../../../../x86_64-w64-mingw32/lib/../lib/libmsvcrt.a(libmsvcrt_defs01166.o)
 .idata$4       0x000000014000816c        0x8 D:/ITI_ES/Programs/msys64/mingw64/bin/../lib/gcc/x86_64-w64-mingw32/11.2.0/../../../../x86_64-w64-mingw32/lib/../lib/libmsvcrt.a(libmsvcrt_defs01198.o)
 .idata$4       0x0000000140008174        0x8 D:/ITI_ES/Programs/msys64/mingw64/bin/../lib/gcc/x86_64-w64-mingw32/11.2.0/../../../../x86_64-w64-mingw32/lib/../lib/libmsvcrt.a(libmsvcrt_defs01221.o)
 .idata$4       0x000000014000817c        0x8 D:/ITI_ES/Programs/msys64/mingw64/bin/../lib/gcc/x86_64-w64-mingw32/11.2.0/../../../../x86_64-w64-mingw32/lib/../lib/libmsvcrt.a(libmsvcrt_defs01224.o)
 .idata$4       0x0000000140008184        0x8 D:/ITI_ES/Programs/msys64/mingw64/bin/../lib/gcc/x86_64-w64-mingw32/11.2.0/../../../../x86_64-w64-mingw32/lib/../lib/libmsvcrt.a(libmsvcrt_defs01259.o)
 .idata$4       0x000000014000818c        0x8 D:/ITI_ES/Programs/msys64/mingw64/bin/../lib/gcc/x86_64-w64-mingw32/11.2.0/../../../../x86_64-w64-mingw32/lib/../lib/libmsvcrt.a(libmsvcrt_deft.o)
 .idata$4       0x0000000140008194        0x0 D:/ITI_ES/Programs/msys64/mingw64/bin/../lib/gcc/x86_64-w64-mingw32/11.2.0/libgcc_s.a(d000000.o)
 .idata$4       0x0000000140008194        0x8 D:/ITI_ES/Programs/msys64/mingw64/bin/../lib/gcc/x86_64-w64-mingw32/11.2.0/libgcc_s.a(d000015.o)
 .idata$4       0x000000014000819c        0x8 D:/ITI_ES/Programs/msys64/mingw64/bin/../lib/gcc/x86_64-w64-mingw32/11.2.0/libgcc_s.a(d000123.o)
 .idata$4       0x00000001400081a4        0x0 D:/ITI_ES/Programs/msys64/mingw64/bin/../lib/gcc/x86_64-w64-mingw32/11.2.0/libstdc++.dll.a(d000000.o)
 .idata$4       0x00000001400081a4        0x8 D:/ITI_ES/Programs/msys64/mingw64/bin/../lib/gcc/x86_64-w64-mingw32/11.2.0/libstdc++.dll.a(d001896.o)
 .idata$4       0x00000001400081ac        0x8 D:/ITI_ES/Programs/msys64/mingw64/bin/../lib/gcc/x86_64-w64-mingw32/11.2.0/libstdc++.dll.a(d005163.o)
 .idata$4       0x00000001400081b4        0x8 D:/ITI_ES/Programs/msys64/mingw64/bin/../lib/gcc/x86_64-w64-mingw32/11.2.0/libstdc++.dll.a(d005165.o)
 .idata$4       0x00000001400081bc        0x8 D:/ITI_ES/Programs/msys64/mingw64/bin/../lib/gcc/x86_64-w64-mingw32/11.2.0/libstdc++.dll.a(d005462.o)
 .idata$4       0x00000001400081c4        0x8 D:/ITI_ES/Programs/msys64/mingw64/bin/../lib/gcc/x86_64-w64-mingw32/11.2.0/libstdc++.dll.a(d005463.o)
 .idata$4       0x00000001400081cc        0x8 D:/ITI_ES/Programs/msys64/mingw64/bin/../lib/gcc/x86_64-w64-mingw32/11.2.0/libstdc++.dll.a(d005586.o)
 .idata$4       0x00000001400081d4        0x8 D:/ITI_ES/Programs/msys64/mingw64/bin/../lib/gcc/x86_64-w64-mingw32/11.2.0/libstdc++.dll.a(d006693.o)
 .idata$4       0x00000001400081dc        0x8 D:/ITI_ES/Programs/msys64/mingw64/bin/../lib/gcc/x86_64-w64-mingw32/11.2.0/libstdc++.dll.a(d006697.o)
                0x00000001400081e4                __IAT_start__ = .
 SORT_BY_NAME(*)(.idata$5)
 .idata$5       0x00000001400081e4        0x0 D:/ITI_ES/Programs/msys64/mingw64/bin/../lib/gcc/x86_64-w64-mingw32/11.2.0/../../../../x86_64-w64-mingw32/lib/../lib/libkernel32.a(libkernel32h.o)
 .idata$5       0x00000001400081e4        0x8 D:/ITI_ES/Programs/msys64/mingw64/bin/../lib/gcc/x86_64-w64-mingw32/11.2.0/../../../../x86_64-w64-mingw32/lib/../lib/libkernel32.a(libkernel32s00282.o)
                0x00000001400081e4                __imp_DeleteCriticalSection
 .idata$5       0x00000001400081ec        0x8 D:/ITI_ES/Programs/msys64/mingw64/bin/../lib/gcc/x86_64-w64-mingw32/11.2.0/../../../../x86_64-w64-mingw32/lib/../lib/libkernel32.a(libkernel32s00318.o)
                0x00000001400081ec                __imp_EnterCriticalSection
 .idata$5       0x00000001400081f4        0x8 D:/ITI_ES/Programs/msys64/mingw64/bin/../lib/gcc/x86_64-w64-mingw32/11.2.0/../../../../x86_64-w64-mingw32/lib/../lib/libkernel32.a(libkernel32s00629.o)
                0x00000001400081f4                __imp_GetLastError
 .idata$5       0x00000001400081fc        0x8 D:/ITI_ES/Programs/msys64/mingw64/bin/../lib/gcc/x86_64-w64-mingw32/11.2.0/../../../../x86_64-w64-mingw32/lib/../lib/libkernel32.a(libkernel32s00742.o)
                0x00000001400081fc                __imp_GetStartupInfoA
 .idata$5       0x0000000140008204        0x8 D:/ITI_ES/Programs/msys64/mingw64/bin/../lib/gcc/x86_64-w64-mingw32/11.2.0/../../../../x86_64-w64-mingw32/lib/../lib/libkernel32.a(libkernel32s00891.o)
                0x0000000140008204                __imp_InitializeCriticalSection
 .idata$5       0x000000014000820c        0x8 D:/ITI_ES/Programs/msys64/mingw64/bin/../lib/gcc/x86_64-w64-mingw32/11.2.0/../../../../x86_64-w64-mingw32/lib/../lib/libkernel32.a(libkernel32s00983.o)
                0x000000014000820c                __imp_LeaveCriticalSection